Archive member included because of file (symbol)

C:/Freescale/CW MCU v10.6.4/MCU/ARM_GCC_Support/ewl/lib/armv6-m\libc.a(exit.o)
                              ./Project_Settings/Startup_Code/__arm_start.o (exit)
C:/Freescale/CW MCU v10.6.4/MCU/ARM_GCC_Support/ewl/lib/armv6-m\libc.a(memset.o)
                              ./Project_Settings/Startup_Code/__arm_start.o (memset)
C:/Freescale/CW MCU v10.6.4/MCU/ARM_GCC_Support/ewl/lib/armv6-m\libc.a(__filll_mem.o)
                              C:/Freescale/CW MCU v10.6.4/MCU/ARM_GCC_Support/ewl/lib/armv6-m\libc.a(memset.o) (__fill_mem)
c:/freescale/cw mcu v10.6.4/cross_tools/arm-none-eabi-gcc-4_7_3/bin/../lib/gcc/arm-none-eabi/4.7.3/armv6-m\libgcc.a(_udivsi3.o)
                              ./Sources/Drivers/uart/uart.o (__aeabi_uidiv)
c:/freescale/cw mcu v10.6.4/cross_tools/arm-none-eabi-gcc-4_7_3/bin/../lib/gcc/arm-none-eabi/4.7.3/armv6-m\libgcc.a(_divsi3.o)
                              ./Sources/Drivers/uart/uart.o (__aeabi_idiv)
c:/freescale/cw mcu v10.6.4/cross_tools/arm-none-eabi-gcc-4_7_3/bin/../lib/gcc/arm-none-eabi/4.7.3/armv6-m\libgcc.a(_dvmd_tls.o)
                              c:/freescale/cw mcu v10.6.4/cross_tools/arm-none-eabi-gcc-4_7_3/bin/../lib/gcc/arm-none-eabi/4.7.3/armv6-m\libgcc.a(_udivsi3.o) (__aeabi_idiv0)
C:/Freescale/CW MCU v10.6.4/MCU/ARM_GCC_Support/ewl/lib/armv6-m\librt.a(gcc_ctor_dtor.o)
                              ./Project_Settings/Startup_Code/__arm_start.o (__init_cpp)
C:/Freescale/CW MCU v10.6.4/MCU/ARM_GCC_Support/ewl/lib/armv6-m\librt.a(__arm_eabi_init.o)
                              C:/Freescale/CW MCU v10.6.4/MCU/ARM_GCC_Support/ewl/lib/armv6-m\libc.a(exit.o) (__destroy_global_chain)
C:/Freescale/CW MCU v10.6.4/MCU/ARM_GCC_Support/ewl/lib/armv6-m\librt.a(ROMCopy.o)
                              ./Project_Settings/Startup_Code/__arm_start.o (__copy_rom_sections_to_ram)

Allocating common symbols
Common symbol       size              file

mcg_clk_hz          0x4               ./Sources/cpu/sysinit.o
PlayerState         0xc               ./Sources/app/Player_Fsm.o
core_clk_khz        0x4               ./Sources/cpu/sysinit.o
periph_clk_khz      0x4               ./Sources/cpu/sysinit.o
rub_checksum        0x1               ./Sources/app/UartFsm.o
uart0_clk_khz       0x4               ./Sources/cpu/sysinit.o
uart0_clk_hz        0x4               ./Sources/cpu/sysinit.o
rub_func            0x1               ./Sources/app/UartFsm.o
cmd_type            0x1               ./Sources/app/UartFsm.o
rub_data            0x1               ./Sources/app/UartFsm.o
mcg_clk_khz         0x4               ./Sources/cpu/sysinit.o
drs_val             0x1               ./Sources/Drivers/mcg/mcg.o
dmx32_val           0x1               ./Sources/Drivers/mcg/mcg.o
rt_curOpMode        0x2               ./Sources/gsc_scheduler/gsc_sch_core/gsc_sch_core.o
pll_clk_khz         0x4               ./Sources/cpu/sysinit.o

Discarded input sections

 .text          0x00000000        0x0 ./Project_Settings/Startup_Code/kinetis_sysinit.o
 .data          0x00000000        0x0 ./Project_Settings/Startup_Code/kinetis_sysinit.o
 .bss           0x00000000        0x0 ./Project_Settings/Startup_Code/kinetis_sysinit.o
 .text          0x00000000        0x0 ./Project_Settings/Startup_Code/__arm_start.o
 .data          0x00000000        0x0 ./Project_Settings/Startup_Code/__arm_start.o
 .bss           0x00000000        0x0 ./Project_Settings/Startup_Code/__arm_start.o
 .text.__iar_program_start
                0x00000000        0x4 ./Project_Settings/Startup_Code/__arm_start.o
 .text          0x00000000        0x0 ./Project_Settings/Startup_Code/__arm_end.o
 .data          0x00000000        0x0 ./Project_Settings/Startup_Code/__arm_end.o
 .bss           0x00000000        0x0 ./Project_Settings/Startup_Code/__arm_end.o
 .text          0x00000000        0x0 ./Sources/Common/libs.o
 .data          0x00000000        0x0 ./Sources/Common/libs.o
 .bss           0x00000000        0x0 ./Sources/Common/libs.o
 .text          0x00000000        0x0 ./Sources/Common/io.o
 .data          0x00000000        0x0 ./Sources/Common/io.o
 .bss           0x00000000        0x0 ./Sources/Common/io.o
 .text.in_char  0x00000000       0x18 ./Sources/Common/io.o
 .text          0x00000000        0x0 ./Sources/Drivers/gpio/gpio.o
 .data          0x00000000        0x0 ./Sources/Drivers/gpio/gpio.o
 .bss           0x00000000        0x0 ./Sources/Drivers/gpio/gpio.o
 .text          0x00000000        0x0 ./Sources/Drivers/mcg/mcg.o
 .data          0x00000000        0x0 ./Sources/Drivers/mcg/mcg.o
 .bss           0x00000000        0x0 ./Sources/Drivers/mcg/mcg.o
 .debug_info    0x00000000       0x93 ./Sources/Drivers/mcg/mcg.o
 .debug_abbrev  0x00000000       0x39 ./Sources/Drivers/mcg/mcg.o
 .debug_aranges
                0x00000000       0x18 ./Sources/Drivers/mcg/mcg.o
 .debug_macinfo
                0x00000000    0x265c3 ./Sources/Drivers/mcg/mcg.o
 .debug_line    0x00000000      0x1d5 ./Sources/Drivers/mcg/mcg.o
 .debug_str     0x00000000      0x135 ./Sources/Drivers/mcg/mcg.o
 .comment       0x00000000       0x7a ./Sources/Drivers/mcg/mcg.o
 .ARM.attributes
                0x00000000       0x31 ./Sources/Drivers/mcg/mcg.o
 COMMON         0x00000000        0x2 ./Sources/Drivers/mcg/mcg.o
 .text          0x00000000        0x0 ./Sources/Drivers/uart/uart.o
 .data          0x00000000        0x0 ./Sources/Drivers/uart/uart.o
 .bss           0x00000000        0x0 ./Sources/Drivers/uart/uart.o
 .text.uart_init
                0x00000000       0xd0 ./Sources/Drivers/uart/uart.o
 .text.uart_getchar
                0x00000000       0x28 ./Sources/Drivers/uart/uart.o
 .text.uart_putchar
                0x00000000       0x2c ./Sources/Drivers/uart/uart.o
 .text.uart_getchar_present
                0x00000000       0x1c ./Sources/Drivers/uart/uart.o
 .text.uart0_getchar
                0x00000000       0x28 ./Sources/Drivers/uart/uart.o
 .text.uart0_getchar_present
                0x00000000       0x1c ./Sources/Drivers/uart/uart.o
 .text          0x00000000        0x0 ./Sources/app/UartFsm.o
 .data          0x00000000        0x0 ./Sources/app/UartFsm.o
 .bss           0x00000000        0x0 ./Sources/app/UartFsm.o
 .text          0x00000000        0x0 ./Sources/app/RGB_LEDs.o
 .data          0x00000000        0x0 ./Sources/app/RGB_LEDs.o
 .bss           0x00000000        0x0 ./Sources/app/RGB_LEDs.o
 .text.test_pwm
                0x00000000       0x4c ./Sources/app/RGB_LEDs.o
 .text.app_rgb_led
                0x00000000       0x78 ./Sources/app/RGB_LEDs.o
 .text.app_rgb_led_fsm
                0x00000000       0xcc ./Sources/app/RGB_LEDs.o
 .rodata.app_rgb_led_fsm
                0x00000000       0x20 ./Sources/app/RGB_LEDs.o
 .text.red_on   0x00000000       0x14 ./Sources/app/RGB_LEDs.o
 .text.red_off  0x00000000       0x14 ./Sources/app/RGB_LEDs.o
 .text.green_on
                0x00000000       0x14 ./Sources/app/RGB_LEDs.o
 .text.green_off
                0x00000000       0x14 ./Sources/app/RGB_LEDs.o
 .text.blue_on  0x00000000       0x14 ./Sources/app/RGB_LEDs.o
 .text.blue_off
                0x00000000       0x14 ./Sources/app/RGB_LEDs.o
 .text.set_color
                0x00000000       0xb4 ./Sources/app/RGB_LEDs.o
 .rodata.set_color
                0x00000000       0x20 ./Sources/app/RGB_LEDs.o
 .text.leds_off
                0x00000000       0x14 ./Sources/app/RGB_LEDs.o
 .text.delay_time
                0x00000000       0x24 ./Sources/app/RGB_LEDs.o
 .bss.cont.4794
                0x00000000        0x1 ./Sources/app/RGB_LEDs.o
 .bss.rgb_state.4767
                0x00000000        0x1 ./Sources/app/RGB_LEDs.o
 .bss.cont.4760
                0x00000000        0x1 ./Sources/app/RGB_LEDs.o
 .text          0x00000000        0x0 ./Sources/app/Player_Fsm.o
 .data          0x00000000        0x0 ./Sources/app/Player_Fsm.o
 .bss           0x00000000        0x0 ./Sources/app/Player_Fsm.o
 .bss.PlayPause
                0x00000000        0x1 ./Sources/app/Player_Fsm.o
 .bss.Stop      0x00000000        0x1 ./Sources/app/Player_Fsm.o
 .bss.VolUp     0x00000000        0x1 ./Sources/app/Player_Fsm.o
 .bss.VolDown   0x00000000        0x1 ./Sources/app/Player_Fsm.o
 .bss.Fwd       0x00000000        0x1 ./Sources/app/Player_Fsm.o
 .bss.Rwd       0x00000000        0x1 ./Sources/app/Player_Fsm.o
 .text.PlayPauseReq
                0x00000000       0x18 ./Sources/app/Player_Fsm.o
 .text.StopReq  0x00000000       0x18 ./Sources/app/Player_Fsm.o
 .text.VolUpReq
                0x00000000       0x18 ./Sources/app/Player_Fsm.o
 .text.VolDownReq
                0x00000000       0x18 ./Sources/app/Player_Fsm.o
 .text.FwdReq   0x00000000       0x18 ./Sources/app/Player_Fsm.o
 .text.RwdReq   0x00000000       0x18 ./Sources/app/Player_Fsm.o
 .text.Player_Fsm
                0x00000000      0x240 ./Sources/app/Player_Fsm.o
 .data.state.4801
                0x00000000        0x1 ./Sources/app/Player_Fsm.o
 .text          0x00000000        0x0 ./Sources/app/Player.o
 .data          0x00000000        0x0 ./Sources/app/Player.o
 .bss           0x00000000        0x0 ./Sources/app/Player.o
 .data.tracks   0x00000000       0x98 ./Sources/app/Player.o
 .text.Player_Play
                0x00000000       0x14 ./Sources/app/Player.o
 .text.Player_Pause
                0x00000000       0x14 ./Sources/app/Player.o
 .text.Player_Stop
                0x00000000       0x20 ./Sources/app/Player.o
 .text.Player_VolUp
                0x00000000       0x20 ./Sources/app/Player.o
 .text.Player_VolDown
                0x00000000       0x20 ./Sources/app/Player.o
 .text.Player_Fwd
                0x00000000       0x38 ./Sources/app/Player.o
 .text.Player_Rwd
                0x00000000       0x38 ./Sources/app/Player.o
 .text.Player_ResetTrack
                0x00000000       0x18 ./Sources/app/Player.o
 .text.Player_ResetPlaylist
                0x00000000       0x14 ./Sources/app/Player.o
 .text.Player_Update
                0x00000000       0xd4 ./Sources/app/Player.o
 .text          0x00000000        0x0 ./Sources/app/Buttons.o
 .data          0x00000000        0x0 ./Sources/app/Buttons.o
 .bss           0x00000000        0x0 ./Sources/app/Buttons.o
 .text.InitButtons
                0x00000000       0x74 ./Sources/app/Buttons.o
 .text.PlayButtonState
                0x00000000       0x20 ./Sources/app/Buttons.o
 .text.StopButtonState
                0x00000000       0x20 ./Sources/app/Buttons.o
 .text.VolUpButtonState
                0x00000000       0x20 ./Sources/app/Buttons.o
 .text.VolDownButtonState
                0x00000000       0x20 ./Sources/app/Buttons.o
 .text.SenseButtons
                0x00000000      0x220 ./Sources/app/Buttons.o
 .bss.playTicks.4767
                0x00000000        0x4 ./Sources/app/Buttons.o
 .bss.playActive.4771
                0x00000000        0x1 ./Sources/app/Buttons.o
 .bss.stopActive.4772
                0x00000000        0x1 ./Sources/app/Buttons.o
 .bss.volDownActive.4773
                0x00000000        0x1 ./Sources/app/Buttons.o
 .bss.volUpActive.4774
                0x00000000        0x1 ./Sources/app/Buttons.o
 .bss.stopTicks.4768
                0x00000000        0x4 ./Sources/app/Buttons.o
 .bss.volUpTicks.4769
                0x00000000        0x4 ./Sources/app/Buttons.o
 .bss.volDownTicks.4770
                0x00000000        0x4 ./Sources/app/Buttons.o
 .debug_info    0x00000000      0x2c5 ./Sources/app/Buttons.o
 .debug_abbrev  0x00000000       0xe1 ./Sources/app/Buttons.o
 .debug_loc     0x00000000      0x108 ./Sources/app/Buttons.o
 .debug_aranges
                0x00000000       0x48 ./Sources/app/Buttons.o
 .debug_macinfo
                0x00000000    0x26610 ./Sources/app/Buttons.o
 .debug_line    0x00000000      0x295 ./Sources/app/Buttons.o
 .debug_str     0x00000000      0x270 ./Sources/app/Buttons.o
 .comment       0x00000000       0x7a ./Sources/app/Buttons.o
 .ARM.attributes
                0x00000000       0x31 ./Sources/app/Buttons.o
 .debug_frame   0x00000000       0xb8 ./Sources/app/Buttons.o
 .text          0x00000000        0x0 ./Sources/cpu/sysinit.o
 .data          0x00000000        0x0 ./Sources/cpu/sysinit.o
 .bss           0x00000000        0x0 ./Sources/cpu/sysinit.o
 .text          0x00000000        0x0 ./Sources/cpu/nvic.o
 .data          0x00000000        0x0 ./Sources/cpu/nvic.o
 .bss           0x00000000        0x0 ./Sources/cpu/nvic.o
 .text.disable_irq
                0x00000000       0x44 ./Sources/cpu/nvic.o
 .text          0x00000000        0x0 ./Sources/gsc_scheduler/gsc_sch_core/gsc_sch_core_tick_isr.o
 .data          0x00000000        0x0 ./Sources/gsc_scheduler/gsc_sch_core/gsc_sch_core_tick_isr.o
 .bss           0x00000000        0x0 ./Sources/gsc_scheduler/gsc_sch_core/gsc_sch_core_tick_isr.o
 .text          0x00000000        0x0 ./Sources/gsc_scheduler/gsc_sch_core/gsc_sch_core_cfg.o
 .data          0x00000000        0x0 ./Sources/gsc_scheduler/gsc_sch_core/gsc_sch_core_cfg.o
 .bss           0x00000000        0x0 ./Sources/gsc_scheduler/gsc_sch_core/gsc_sch_core_cfg.o
 .text          0x00000000        0x0 ./Sources/gsc_scheduler/gsc_sch_core/gsc_sch_core.o
 .data          0x00000000        0x0 ./Sources/gsc_scheduler/gsc_sch_core/gsc_sch_core.o
 .bss           0x00000000        0x0 ./Sources/gsc_scheduler/gsc_sch_core/gsc_sch_core.o
 .text          0x00000000        0x0 ./Sources/gsc_scheduler/periodic_tasks/periodic_tasks_init.o
 .data          0x00000000        0x0 ./Sources/gsc_scheduler/periodic_tasks/periodic_tasks_init.o
 .bss           0x00000000        0x0 ./Sources/gsc_scheduler/periodic_tasks/periodic_tasks_init.o
 .text          0x00000000        0x0 ./Sources/gsc_scheduler/periodic_tasks/periodic_tasks_exec.o
 .data          0x00000000        0x0 ./Sources/gsc_scheduler/periodic_tasks/periodic_tasks_exec.o
 .bss           0x00000000        0x0 ./Sources/gsc_scheduler/periodic_tasks/periodic_tasks_exec.o
 .text          0x00000000        0x0 ./Sources/mcl/interrupts.o
 .data          0x00000000        0x0 ./Sources/mcl/interrupts.o
 .bss           0x00000000        0x0 ./Sources/mcl/interrupts.o
 .debug_info    0x00000000       0x6f ./Sources/mcl/interrupts.o
 .debug_abbrev  0x00000000       0x28 ./Sources/mcl/interrupts.o
 .debug_aranges
                0x00000000       0x18 ./Sources/mcl/interrupts.o
 .debug_macinfo
                0x00000000    0x26578 ./Sources/mcl/interrupts.o
 .debug_line    0x00000000      0x1eb ./Sources/mcl/interrupts.o
 .debug_str     0x00000000      0x12a ./Sources/mcl/interrupts.o
 .comment       0x00000000       0x7a ./Sources/mcl/interrupts.o
 .ARM.attributes
                0x00000000       0x31 ./Sources/mcl/interrupts.o
 .text          0x00000000        0x0 ./Sources/mcl/CrystalClock.o
 .data          0x00000000        0x0 ./Sources/mcl/CrystalClock.o
 .bss           0x00000000        0x0 ./Sources/mcl/CrystalClock.o
 .text          0x00000000        0x0 ./Sources/mcl/ARM_SysTick.o
 .data          0x00000000        0x0 ./Sources/mcl/ARM_SysTick.o
 .bss           0x00000000        0x0 ./Sources/mcl/ARM_SysTick.o
 .text          0x00000000        0x0 ./Sources/sa_mtb.o
 .data          0x00000000        0x0 ./Sources/sa_mtb.o
 .bss           0x00000000        0x0 ./Sources/sa_mtb.o
 .debug_info    0x00000000       0x21 ./Sources/sa_mtb.o
 .debug_abbrev  0x00000000       0x12 ./Sources/sa_mtb.o
 .debug_aranges
                0x00000000       0x18 ./Sources/sa_mtb.o
 .debug_macinfo
                0x00000000     0x24d8 ./Sources/sa_mtb.o
 .debug_line    0x00000000       0xac ./Sources/sa_mtb.o
 .debug_str     0x00000000       0x95 ./Sources/sa_mtb.o
 .comment       0x00000000       0x7a ./Sources/sa_mtb.o
 .ARM.attributes
                0x00000000       0x31 ./Sources/sa_mtb.o
 .text          0x00000000        0x0 ./Sources/main.o
 .data          0x00000000        0x0 ./Sources/main.o
 .bss           0x00000000        0x0 ./Sources/main.o
 .text          0x00000000        0x0 C:/Freescale/CW MCU v10.6.4/MCU/ARM_GCC_Support/ewl/lib/armv6-m\libc.a(exit.o)
 .data          0x00000000        0x0 C:/Freescale/CW MCU v10.6.4/MCU/ARM_GCC_Support/ewl/lib/armv6-m\libc.a(exit.o)
 .bss           0x00000000        0x0 C:/Freescale/CW MCU v10.6.4/MCU/ARM_GCC_Support/ewl/lib/armv6-m\libc.a(exit.o)
 .text          0x00000000        0x0 C:/Freescale/CW MCU v10.6.4/MCU/ARM_GCC_Support/ewl/lib/armv6-m\libc.a(memset.o)
 .data          0x00000000        0x0 C:/Freescale/CW MCU v10.6.4/MCU/ARM_GCC_Support/ewl/lib/armv6-m\libc.a(memset.o)
 .bss           0x00000000        0x0 C:/Freescale/CW MCU v10.6.4/MCU/ARM_GCC_Support/ewl/lib/armv6-m\libc.a(memset.o)
 .text          0x00000000        0x0 C:/Freescale/CW MCU v10.6.4/MCU/ARM_GCC_Support/ewl/lib/armv6-m\libc.a(__filll_mem.o)
 .data          0x00000000        0x0 C:/Freescale/CW MCU v10.6.4/MCU/ARM_GCC_Support/ewl/lib/armv6-m\libc.a(__filll_mem.o)
 .bss           0x00000000        0x0 C:/Freescale/CW MCU v10.6.4/MCU/ARM_GCC_Support/ewl/lib/armv6-m\libc.a(__filll_mem.o)
 .data          0x00000000        0x0 c:/freescale/cw mcu v10.6.4/cross_tools/arm-none-eabi-gcc-4_7_3/bin/../lib/gcc/arm-none-eabi/4.7.3/armv6-m\libgcc.a(_udivsi3.o)
 .bss           0x00000000        0x0 c:/freescale/cw mcu v10.6.4/cross_tools/arm-none-eabi-gcc-4_7_3/bin/../lib/gcc/arm-none-eabi/4.7.3/armv6-m\libgcc.a(_udivsi3.o)
 .data          0x00000000        0x0 c:/freescale/cw mcu v10.6.4/cross_tools/arm-none-eabi-gcc-4_7_3/bin/../lib/gcc/arm-none-eabi/4.7.3/armv6-m\libgcc.a(_divsi3.o)
 .bss           0x00000000        0x0 c:/freescale/cw mcu v10.6.4/cross_tools/arm-none-eabi-gcc-4_7_3/bin/../lib/gcc/arm-none-eabi/4.7.3/armv6-m\libgcc.a(_divsi3.o)
 .data          0x00000000        0x0 c:/freescale/cw mcu v10.6.4/cross_tools/arm-none-eabi-gcc-4_7_3/bin/../lib/gcc/arm-none-eabi/4.7.3/armv6-m\libgcc.a(_dvmd_tls.o)
 .bss           0x00000000        0x0 c:/freescale/cw mcu v10.6.4/cross_tools/arm-none-eabi-gcc-4_7_3/bin/../lib/gcc/arm-none-eabi/4.7.3/armv6-m\libgcc.a(_dvmd_tls.o)
 .text          0x00000000        0x0 C:/Freescale/CW MCU v10.6.4/MCU/ARM_GCC_Support/ewl/lib/armv6-m\librt.a(gcc_ctor_dtor.o)
 .data          0x00000000        0x0 C:/Freescale/CW MCU v10.6.4/MCU/ARM_GCC_Support/ewl/lib/armv6-m\librt.a(gcc_ctor_dtor.o)
 .bss           0x00000000        0x0 C:/Freescale/CW MCU v10.6.4/MCU/ARM_GCC_Support/ewl/lib/armv6-m\librt.a(gcc_ctor_dtor.o)
 .bss.__dso_handle
                0x00000000        0x4 C:/Freescale/CW MCU v10.6.4/MCU/ARM_GCC_Support/ewl/lib/armv6-m\librt.a(gcc_ctor_dtor.o)
 .text          0x00000000        0x0 C:/Freescale/CW MCU v10.6.4/MCU/ARM_GCC_Support/ewl/lib/armv6-m\librt.a(__arm_eabi_init.o)
 .data          0x00000000        0x0 C:/Freescale/CW MCU v10.6.4/MCU/ARM_GCC_Support/ewl/lib/armv6-m\librt.a(__arm_eabi_init.o)
 .bss           0x00000000        0x0 C:/Freescale/CW MCU v10.6.4/MCU/ARM_GCC_Support/ewl/lib/armv6-m\librt.a(__arm_eabi_init.o)
 .text.__register_global_object
                0x00000000       0x14 C:/Freescale/CW MCU v10.6.4/MCU/ARM_GCC_Support/ewl/lib/armv6-m\librt.a(__arm_eabi_init.o)
 .text.__cxa_atexit
                0x00000000       0x38 C:/Freescale/CW MCU v10.6.4/MCU/ARM_GCC_Support/ewl/lib/armv6-m\librt.a(__arm_eabi_init.o)
 .text.__aeabi_atexit
                0x00000000        0xe C:/Freescale/CW MCU v10.6.4/MCU/ARM_GCC_Support/ewl/lib/armv6-m\librt.a(__arm_eabi_init.o)
 .text.__register_atexit
                0x00000000        0xc C:/Freescale/CW MCU v10.6.4/MCU/ARM_GCC_Support/ewl/lib/armv6-m\librt.a(__arm_eabi_init.o)
 .text.__init_hardware
                0x00000000        0x4 C:/Freescale/CW MCU v10.6.4/MCU/ARM_GCC_Support/ewl/lib/armv6-m\librt.a(__arm_eabi_init.o)
 .bss.atexit_curr_func
                0x00000000        0x4 C:/Freescale/CW MCU v10.6.4/MCU/ARM_GCC_Support/ewl/lib/armv6-m\librt.a(__arm_eabi_init.o)
 .bss.atexit_funcs
                0x00000000      0x300 C:/Freescale/CW MCU v10.6.4/MCU/ARM_GCC_Support/ewl/lib/armv6-m\librt.a(__arm_eabi_init.o)
 .text          0x00000000        0x0 C:/Freescale/CW MCU v10.6.4/MCU/ARM_GCC_Support/ewl/lib/armv6-m\librt.a(ROMCopy.o)
 .data          0x00000000        0x0 C:/Freescale/CW MCU v10.6.4/MCU/ARM_GCC_Support/ewl/lib/armv6-m\librt.a(ROMCopy.o)
 .bss           0x00000000        0x0 C:/Freescale/CW MCU v10.6.4/MCU/ARM_GCC_Support/ewl/lib/armv6-m\librt.a(ROMCopy.o)
 .text.__flush_cache
                0x00000000        0x2 C:/Freescale/CW MCU v10.6.4/MCU/ARM_GCC_Support/ewl/lib/armv6-m\librt.a(ROMCopy.o)

Memory Configuration

Name             Origin             Length             Attributes
m_interrupts     0x00000000         0x000000c0         xr
m_cfmprotrom     0x00000400         0x00000010         xr
m_text           0x00000800         0x0001f800         xr
m_data           0x1ffff000         0x00004000         xrw
*default*        0x00000000         0xffffffff

Linker script and memory map

LOAD ./Project_Settings/Startup_Code/kinetis_sysinit.o
LOAD ./Project_Settings/Startup_Code/__arm_start.o
LOAD ./Project_Settings/Startup_Code/__arm_end.o
LOAD ./Sources/Common/libs.o
LOAD ./Sources/Common/io.o
LOAD ./Sources/Drivers/gpio/gpio.o
LOAD ./Sources/Drivers/mcg/mcg.o
LOAD ./Sources/Drivers/uart/uart.o
LOAD ./Sources/app/UartFsm.o
LOAD ./Sources/app/RGB_LEDs.o
LOAD ./Sources/app/Player_Fsm.o
LOAD ./Sources/app/Player.o
LOAD ./Sources/app/Buttons.o
LOAD ./Sources/cpu/sysinit.o
LOAD ./Sources/cpu/nvic.o
LOAD ./Sources/gsc_scheduler/gsc_sch_core/gsc_sch_core_tick_isr.o
LOAD ./Sources/gsc_scheduler/gsc_sch_core/gsc_sch_core_cfg.o
LOAD ./Sources/gsc_scheduler/gsc_sch_core/gsc_sch_core.o
LOAD ./Sources/gsc_scheduler/periodic_tasks/periodic_tasks_init.o
LOAD ./Sources/gsc_scheduler/periodic_tasks/periodic_tasks_exec.o
LOAD ./Sources/mcl/interrupts.o
LOAD ./Sources/mcl/CrystalClock.o
LOAD ./Sources/mcl/ARM_SysTick.o
LOAD ./Sources/sa_mtb.o
LOAD ./Sources/main.o
START GROUP
LOAD C:/Freescale/CW MCU v10.6.4/MCU/ARM_GCC_Support/ewl/lib/armv6-m\libc.a
LOAD C:/Freescale/CW MCU v10.6.4/MCU/ARM_GCC_Support/ewl/lib/armv6-m\libm.a
LOAD c:/freescale/cw mcu v10.6.4/cross_tools/arm-none-eabi-gcc-4_7_3/bin/../lib/gcc/arm-none-eabi/4.7.3/armv6-m\libgcc.a
LOAD C:/Freescale/CW MCU v10.6.4/MCU/ARM_GCC_Support/ewl/lib/armv6-m\librt.a
END GROUP
                0x20003000                _estack = 0x20003000
                0x20003000                __SP_INIT = _estack
                0x00000400                __heap_size = 0x400
                0x00000400                __stack_size = 0x400

.interrupts     0x00000000       0xc0
                0x00000000                __vector_table = .
                0x00000000                . = ALIGN (0x4)
 *(.vectortable)
 .vectortable   0x00000000       0xc0 ./Project_Settings/Startup_Code/kinetis_sysinit.o
                0x00000000                InterruptVector
                0x000000c0                . = ALIGN (0x4)

.cfmprotect     0x00000400        0x0
                0x00000400                . = ALIGN (0x4)
 *(.cfmconfig)
                0x00000400                . = ALIGN (0x4)

.text           0x00000800     0x1588
                0x00000800                . = ALIGN (0x4)
 *(.text)
 .text          0x00000800       0x9c c:/freescale/cw mcu v10.6.4/cross_tools/arm-none-eabi-gcc-4_7_3/bin/../lib/gcc/arm-none-eabi/4.7.3/armv6-m\libgcc.a(_udivsi3.o)
                0x00000800                __aeabi_uidiv
                0x00000800                __udivsi3
                0x00000888                __aeabi_uidivmod
 .text          0x0000089c       0xc0 c:/freescale/cw mcu v10.6.4/cross_tools/arm-none-eabi-gcc-4_7_3/bin/../lib/gcc/arm-none-eabi/4.7.3/armv6-m\libgcc.a(_divsi3.o)
                0x0000089c                __divsi3
                0x0000089c                __aeabi_idiv
                0x00000948                __aeabi_idivmod
 .text          0x0000095c        0x4 c:/freescale/cw mcu v10.6.4/cross_tools/arm-none-eabi-gcc-4_7_3/bin/../lib/gcc/arm-none-eabi/4.7.3/armv6-m\libgcc.a(_dvmd_tls.o)
                0x0000095c                __aeabi_idiv0
                0x0000095c                __aeabi_ldiv0
 *(.text*)
 .text.Default_Handler
                0x00000960        0xc ./Project_Settings/Startup_Code/kinetis_sysinit.o
                0x00000960                RTC_Alarm_IRQHandler
                0x00000960                I2C0_IRQHandler
                0x00000960                HardFault_Handler
                0x00000960                PendSV_Handler
                0x00000960                NMI_Handler
                0x00000960                I2C1_IRQHandler
                0x00000960                UART1_IRQHandler
                0x00000960                DMA2_IRQHandler
                0x00000960                TSI0_IRQHandler
                0x00000960                ADC0_IRQHandler
                0x00000960                SPI1_IRQHandler
                0x00000960                PORTD_IRQHandler
                0x00000960                LPTimer_IRQHandler
                0x00000960                FTM1_IRQHandler
                0x00000960                RTC_Seconds_IRQHandler
                0x00000960                MCG_IRQHandler
                0x00000960                UART2_IRQHandler
                0x00000960                Default_Handler
                0x00000960                LLW_IRQHandler
                0x00000960                PIT_IRQHandler
                0x00000960                SVC_Handler
                0x00000960                USBOTG_IRQHandler
                0x00000960                DMA3_IRQHandler
                0x00000960                DMA0_IRQHandler
                0x00000960                DAC0_IRQHandler
                0x00000960                PMC_IRQHandler
                0x00000960                SPI0_IRQHandler
                0x00000960                FTM0_IRQHandler
                0x00000960                PORTA_IRQHandler
                0x00000960                MCM_IRQHandler
                0x00000960                FTFL_IRQHandler
                0x00000960                FTM2_IRQHandler
                0x00000960                CMP0_IRQHandler
                0x00000960                DMA1_IRQHandler
 .text.__init_hardware
                0x0000096c       0x30 ./Project_Settings/Startup_Code/kinetis_sysinit.o
                0x0000096c                __init_hardware
 .text.zero_fill_bss
                0x0000099c       0x24 ./Project_Settings/Startup_Code/__arm_start.o
 .text.__thumb_startup
                0x000009c0       0x30 ./Project_Settings/Startup_Code/__arm_start.o
                0x000009c0                __thumb_startup
 .text._ExitProcess
                0x000009f0        0xc ./Project_Settings/Startup_Code/__arm_end.o
                0x000009f0                _ExitProcess
 .text.put      0x000009fc       0x28 ./Sources/Common/libs.o
                0x000009fc                put
 .text.out_char
                0x00000a24       0x24 ./Sources/Common/io.o
                0x00000a24                out_char
 .text.rgb_init
                0x00000a48       0x94 ./Sources/Drivers/gpio/gpio.o
                0x00000a48                rgb_init
 .text.uart0_init
                0x00000adc      0x240 ./Sources/Drivers/uart/uart.o
                0x00000adc                uart0_init
 .text.uart0_putchar
                0x00000d1c       0x2c ./Sources/Drivers/uart/uart.o
                0x00000d1c                uart0_putchar
 .text.isValidCMD
                0x00000d48       0x34 ./Sources/app/UartFsm.o
                0x00000d48                isValidCMD
 .text.isValidFuncCMD
                0x00000d7c       0x70 ./Sources/app/UartFsm.o
                0x00000d7c                isValidFuncCMD
 .text.sendCommand
                0x00000dec       0x18 ./Sources/app/UartFsm.o
                0x00000dec                sendCommand
 .text.uart_fsm
                0x00000e04      0x114 ./Sources/app/UartFsm.o
                0x00000e04                uart_fsm
 .text.UART0_IRQHandler
                0x00000f18       0x60 ./Sources/app/UartFsm.o
                0x00000f18                UART0_IRQHandler
 .text.blue_toggle
                0x00000f78       0x14 ./Sources/app/RGB_LEDs.o
                0x00000f78                blue_toggle
 .text.init_leds
                0x00000f8c       0xb8 ./Sources/app/RGB_LEDs.o
                0x00000f8c                init_leds
 .text.Player_Init
                0x00001044       0x2c ./Sources/app/Player.o
                0x00001044                Player_Init
 .text.sysinit  0x00001070      0x130 ./Sources/cpu/sysinit.o
                0x00001070                sysinit
 .text.enable_irq
                0x000011a0       0x64 ./Sources/cpu/nvic.o
                0x000011a0                enable_irq
 .text.set_irq_priority
                0x00001204       0xb0 ./Sources/cpu/nvic.o
                0x00001204                set_irq_priority
 .text.gsc_sch_core_tick_isr
                0x000012b4       0x14 ./Sources/gsc_scheduler/gsc_sch_core/gsc_sch_core_tick_isr.o
                0x000012b4                gsc_sch_core_tick_isr
 .text.gsc_sch_core_Init
                0x000012c8       0x60 ./Sources/gsc_scheduler/gsc_sch_core/gsc_sch_core.o
                0x000012c8                gsc_sch_core_Init
 .text.gsc_sch_core_exec
                0x00001328      0x11c ./Sources/gsc_scheduler/gsc_sch_core/gsc_sch_core.o
                0x00001328                gsc_sch_core_exec
 .text.periodic_tasks_init_MclDrvs
                0x00001444        0x8 ./Sources/gsc_scheduler/periodic_tasks/periodic_tasks_init.o
                0x00001444                periodic_tasks_init_MclDrvs
 .text.periodic_tasks_init_SysDrvs
                0x0000144c       0x10 ./Sources/gsc_scheduler/periodic_tasks/periodic_tasks_init.o
                0x0000144c                periodic_tasks_init_SysDrvs
 .text.periodic_tasks_init_task_5tks
                0x0000145c        0x8 ./Sources/gsc_scheduler/periodic_tasks/periodic_tasks_init.o
                0x0000145c                periodic_tasks_init_task_5tks
 .text.periodic_tasks_init_task_10tks
                0x00001464        0x8 ./Sources/gsc_scheduler/periodic_tasks/periodic_tasks_init.o
                0x00001464                periodic_tasks_init_task_10tks
 .text.periodic_tasks_init_task_20tks
                0x0000146c        0x8 ./Sources/gsc_scheduler/periodic_tasks/periodic_tasks_init.o
                0x0000146c                periodic_tasks_init_task_20tks
 .text.periodic_tasks_init_task_50tks
                0x00001474        0x8 ./Sources/gsc_scheduler/periodic_tasks/periodic_tasks_init.o
                0x00001474                periodic_tasks_init_task_50tks
 .text.periodic_tasks_init_task_100tks
                0x0000147c        0x8 ./Sources/gsc_scheduler/periodic_tasks/periodic_tasks_init.o
                0x0000147c                periodic_tasks_init_task_100tks
 .text.periodic_tasks_init_task_500tks
                0x00001484        0x8 ./Sources/gsc_scheduler/periodic_tasks/periodic_tasks_init.o
                0x00001484                periodic_tasks_init_task_500tks
 .text.periodic_tasks_init_task_1Mtks
                0x0000148c        0x8 ./Sources/gsc_scheduler/periodic_tasks/periodic_tasks_init.o
                0x0000148c                periodic_tasks_init_task_1Mtks
 .text.periodic_tasks_exec_5tks
                0x00001494        0x8 ./Sources/gsc_scheduler/periodic_tasks/periodic_tasks_exec.o
                0x00001494                periodic_tasks_exec_5tks
 .text.periodic_tasks_exec_10tks
                0x0000149c        0x8 ./Sources/gsc_scheduler/periodic_tasks/periodic_tasks_exec.o
                0x0000149c                periodic_tasks_exec_10tks
 .text.periodic_tasks_exec_20tks
                0x000014a4        0x8 ./Sources/gsc_scheduler/periodic_tasks/periodic_tasks_exec.o
                0x000014a4                periodic_tasks_exec_20tks
 .text.periodic_tasks_exec_50tks
                0x000014ac        0x8 ./Sources/gsc_scheduler/periodic_tasks/periodic_tasks_exec.o
                0x000014ac                periodic_tasks_exec_50tks
 .text.periodic_tasks_exec_100tks
                0x000014b4        0x8 ./Sources/gsc_scheduler/periodic_tasks/periodic_tasks_exec.o
                0x000014b4                periodic_tasks_exec_100tks
 .text.periodic_tasks_exec_500tks
                0x000014bc        0x8 ./Sources/gsc_scheduler/periodic_tasks/periodic_tasks_exec.o
                0x000014bc                periodic_tasks_exec_500tks
 .text.periodic_tasks_exec_1Mtks
                0x000014c4        0x8 ./Sources/gsc_scheduler/periodic_tasks/periodic_tasks_exec.o
                0x000014c4                periodic_tasks_exec_1Mtks
 .text.InitClock
                0x000014cc       0x24 ./Sources/mcl/CrystalClock.o
                0x000014cc                InitClock
 .text.pll_init
                0x000014f0      0x548 ./Sources/mcl/CrystalClock.o
                0x000014f0                pll_init
 .text.InitSysTick
                0x00001a38       0x1c ./Sources/mcl/ARM_SysTick.o
                0x00001a38                InitSysTick
 .text.main     0x00001a54       0x44 ./Sources/main.o
                0x00001a54                main
 .text.WatchDog_cfg
                0x00001a98       0x1c ./Sources/main.o
                0x00001a98                WatchDog_cfg
 .text.SysTick_Handler
                0x00001ab4       0x1c ./Sources/main.o
                0x00001ab4                SysTick_Handler
 .text.exit     0x00001ad0       0x38 C:/Freescale/CW MCU v10.6.4/MCU/ARM_GCC_Support/ewl/lib/armv6-m\libc.a(exit.o)
                0x00001ad0                exit
 .text.memset   0x00001b08        0xc C:/Freescale/CW MCU v10.6.4/MCU/ARM_GCC_Support/ewl/lib/armv6-m\libc.a(memset.o)
                0x00001b08                memset
 .text.__fill_mem
                0x00001b14       0x7e C:/Freescale/CW MCU v10.6.4/MCU/ARM_GCC_Support/ewl/lib/armv6-m\libc.a(__filll_mem.o)
                0x00001b14                __fill_mem
 *fill*         0x00001b92        0x2 00
 .text.__init_cpp
                0x00001b94       0x48 C:/Freescale/CW MCU v10.6.4/MCU/ARM_GCC_Support/ewl/lib/armv6-m\librt.a(gcc_ctor_dtor.o)
                0x00001b94                __init_cpp
 .text.__fini_cpp
                0x00001bdc       0x34 C:/Freescale/CW MCU v10.6.4/MCU/ARM_GCC_Support/ewl/lib/armv6-m\librt.a(gcc_ctor_dtor.o)
                0x00001bdc                __fini_cpp
 .text.__destroy_global_chain
                0x00001c10       0x1c C:/Freescale/CW MCU v10.6.4/MCU/ARM_GCC_Support/ewl/lib/armv6-m\librt.a(__arm_eabi_init.o)
                0x00001c10                __destroy_global_chain
 .text.__init_registers
                0x00001c2c       0x1c C:/Freescale/CW MCU v10.6.4/MCU/ARM_GCC_Support/ewl/lib/armv6-m\librt.a(__arm_eabi_init.o)
                0x00001c2c                __init_registers
 .text.__init_user
                0x00001c48        0x4 C:/Freescale/CW MCU v10.6.4/MCU/ARM_GCC_Support/ewl/lib/armv6-m\librt.a(__arm_eabi_init.o)
                0x00001c48                __init_user
 .text.__copy_rom_section
                0x00001c4c       0x48 C:/Freescale/CW MCU v10.6.4/MCU/ARM_GCC_Support/ewl/lib/armv6-m\librt.a(ROMCopy.o)
                0x00001c4c                __copy_rom_section
 .text.__copy_rom_sections_to_ram
                0x00001c94       0x34 C:/Freescale/CW MCU v10.6.4/MCU/ARM_GCC_Support/ewl/lib/armv6-m\librt.a(ROMCopy.o)
                0x00001c94                __copy_rom_sections_to_ram
 *(.rodata)
 .rodata        0x00001cc8       0x30 ./Sources/main.o
 *(.rodata*)
 .rodata.cps_mngTaskList
                0x00001cf8       0x90 ./Sources/gsc_scheduler/gsc_sch_core/gsc_sch_core_cfg.o
                0x00001cf8                cps_mngTaskList
 *(.glue_7)
 .glue_7        0x00000000        0x0 linker stubs
 *(.glue_7t)
 .glue_7t       0x00000000        0x0 linker stubs
 *(.eh_frame)
 *(.init)
 *(.fini)
                0x00001d88                . = ALIGN (0x4)
                0x00001d88                _etext = .

.vfp11_veneer   0x00001d88        0x0
 .vfp11_veneer  0x00000000        0x0 linker stubs

.v4_bx          0x00001d88        0x0
 .v4_bx         0x00000000        0x0 linker stubs

.iplt           0x00001d88        0x0
 .iplt          0x00000000        0x0 ./Project_Settings/Startup_Code/kinetis_sysinit.o

.rel.dyn        0x00001d88        0x0
 .rel.iplt      0x00000000        0x0 ./Project_Settings/Startup_Code/kinetis_sysinit.o

.ARM.extab
 *(.ARM.extab* .gnu.linkonce.armextab.*)

.ARM            0x00001d88        0x0
                0x00001d88                __exidx_start = .
 *(.ARM.exidx*)
                0x00001d88                __exidx_end = .

.ctors          0x00001d88        0x0
                0x00001d88                __CTOR_LIST__ = .
 *crtbegin.o(.ctors)
 *(EXCLUDE_FILE(*crtend.o) .ctors)
 *(SORT(.ctors.*))
 *(.ctors)
                0x00001d88                __CTOR_END__ = .

.dtors          0x00001d88        0x0
                0x00001d88                __DTOR_LIST__ = .
 *crtbegin.o(.dtors)
 *(EXCLUDE_FILE(*crtend.o) .dtors)
 *(SORT(.dtors.*))
 *(.dtors)
                0x00001d88                __DTOR_END__ = .

.preinit_array  0x00001d88        0x0
                0x00001d88                PROVIDE (__preinit_array_start, .)
 *(.preinit_array*)
                0x00001d88                PROVIDE (__preinit_array_end, .)

.init_array     0x00001d88        0x0
                0x00001d88                PROVIDE (__init_array_start, .)
 *(SORT(.init_array.*))
 *(.init_array*)
                0x00001d88                PROVIDE (__init_array_end, .)

.fini_array     0x00001d88        0x0
                0x00001d88                PROVIDE (__fini_array_start, .)
 *(SORT(.fini_array.*))
 *(.fini_array*)
                0x00001d88                PROVIDE (__fini_array_end, .)
                0x00001d88                ___ROM_AT = .

.mtb            0x1ffff000        0x0
                0x1ffff000                . = ALIGN (0x8)
                0x1ffff000                _mtb_start = .
 *(.mtb_buf)
                0x1ffff000                . = ALIGN (0x8)
                0x1ffff000                _mtb_end = .

.data           0x1ffff000        0x0 load address 0x00001d88
                0x1ffff000                . = ALIGN (0x4)
                0x1ffff000                _sdata = .
 *(.data)
 *(.data*)
                0x1ffff000                . = ALIGN (0x4)
                0x1ffff000                _edata = .
                0x00000000                ___data_size = (_edata - _sdata)

.igot.plt       0x1ffff000        0x0
 .igot.plt      0x00000000        0x0 ./Project_Settings/Startup_Code/kinetis_sysinit.o
                0x1ffff000                . = ALIGN (0x4)

.bss            0x1ffff000       0x54
                0x1ffff000                __START_BSS = .
                0x1ffff000                PROVIDE (__bss_start__, __START_BSS)
 *(.bss)
 *(.bss*)
 .bss.argv      0x1ffff000        0x4 ./Project_Settings/Startup_Code/__arm_start.o
 .bss.re_sch_mngExecflag
                0x1ffff004        0x1 ./Sources/gsc_scheduler/gsc_sch_core/gsc_sch_core_tick_isr.o
                0x1ffff004                re_sch_mngExecflag
 *fill*         0x1ffff005        0x3 00
 .bss.sys_tick_counter
                0x1ffff008        0x4 ./Sources/main.o
                0x1ffff008                sys_tick_counter
 .bss.__stdio_exit
                0x1ffff00c        0x4 C:/Freescale/CW MCU v10.6.4/MCU/ARM_GCC_Support/ewl/lib/armv6-m\libc.a(exit.o)
                0x1ffff00c                __stdio_exit
 .bss.__console_exit
                0x1ffff010        0x4 C:/Freescale/CW MCU v10.6.4/MCU/ARM_GCC_Support/ewl/lib/armv6-m\libc.a(exit.o)
                0x1ffff010                __console_exit
 .bss.__global_destructor_chain
                0x1ffff014        0x4 C:/Freescale/CW MCU v10.6.4/MCU/ARM_GCC_Support/ewl/lib/armv6-m\librt.a(__arm_eabi_init.o)
                0x1ffff014                __global_destructor_chain
 .bss.__S_romp  0x1ffff018        0xc C:/Freescale/CW MCU v10.6.4/MCU/ARM_GCC_Support/ewl/lib/armv6-m\librt.a(ROMCopy.o)
 *(COMMON)
 COMMON         0x1ffff024        0x4 ./Sources/app/UartFsm.o
                0x1ffff024                rub_checksum
                0x1ffff025                rub_func
                0x1ffff026                cmd_type
                0x1ffff027                rub_data
 COMMON         0x1ffff028        0xc ./Sources/app/Player_Fsm.o
                0x1ffff028                PlayerState
 COMMON         0x1ffff034       0x1c ./Sources/cpu/sysinit.o
                0x1ffff034                mcg_clk_hz
                0x1ffff038                core_clk_khz
                0x1ffff03c                periph_clk_khz
                0x1ffff040                uart0_clk_khz
                0x1ffff044                uart0_clk_hz
                0x1ffff048                mcg_clk_khz
                0x1ffff04c                pll_clk_khz
 COMMON         0x1ffff050        0x2 ./Sources/gsc_scheduler/gsc_sch_core/gsc_sch_core.o
                0x1ffff050                rt_curOpMode
                0x1ffff054                . = ALIGN (0x4)
 *fill*         0x1ffff052        0x2 00
                0x1ffff054                __END_BSS = .
                0x1ffff054                PROVIDE (__bss_end__, __END_BSS)
                0x00001d88                _romp_at = (___ROM_AT + SIZEOF (.data))

.romp           0x1ffff054       0x18 load address 0x00001d88
                0x00001d88                __S_romp = _romp_at
                0x1ffff054        0x4 LONG 0x1d88 ___ROM_AT
                0x1ffff058        0x4 LONG 0x1ffff000 _sdata
                0x1ffff05c        0x4 LONG 0x0 ___data_size
                0x1ffff060        0x4 LONG 0x0
                0x1ffff064        0x4 LONG 0x0
                0x1ffff068        0x4 LONG 0x0

._user_heap_stack
                0x1ffff06c      0x800 load address 0x00001da0
                0x1ffff06c                . = ALIGN (0x4)
                0x1ffff06c                PROVIDE (end, .)
                0x1ffff06c                PROVIDE (_end, .)
                0x1ffff06c                __heap_addr = .
                0x1ffff46c                . = (. + __heap_size)
 *fill*         0x1ffff06c      0x400 00
                0x1ffff86c                . = (. + __stack_size)
 *fill*         0x1ffff46c      0x400 00
                0x1ffff86c                . = ALIGN (0x4)

.ARM.attributes
                0x00000000       0x31
 *(.ARM.attributes)
 .ARM.attributes
                0x00000000       0x31 ./Project_Settings/Startup_Code/kinetis_sysinit.o
 .ARM.attributes
                0x00000031       0x31 ./Project_Settings/Startup_Code/__arm_start.o
 .ARM.attributes
                0x00000062       0x31 ./Project_Settings/Startup_Code/__arm_end.o
 .ARM.attributes
                0x00000093       0x31 ./Sources/Common/libs.o
 .ARM.attributes
                0x000000c4       0x31 ./Sources/Common/io.o
 .ARM.attributes
                0x000000f5       0x31 ./Sources/Drivers/gpio/gpio.o
 .ARM.attributes
                0x00000126       0x31 ./Sources/Drivers/uart/uart.o
 .ARM.attributes
                0x00000157       0x31 ./Sources/app/UartFsm.o
 .ARM.attributes
                0x00000188       0x31 ./Sources/app/RGB_LEDs.o
 .ARM.attributes
                0x000001b9       0x31 ./Sources/app/Player_Fsm.o
 .ARM.attributes
                0x000001ea       0x31 ./Sources/app/Player.o
 .ARM.attributes
                0x0000021b       0x31 ./Sources/cpu/sysinit.o
 .ARM.attributes
                0x0000024c       0x31 ./Sources/cpu/nvic.o
 .ARM.attributes
                0x0000027d       0x31 ./Sources/gsc_scheduler/gsc_sch_core/gsc_sch_core_tick_isr.o
 .ARM.attributes
                0x000002ae       0x31 ./Sources/gsc_scheduler/gsc_sch_core/gsc_sch_core_cfg.o
 .ARM.attributes
                0x000002df       0x31 ./Sources/gsc_scheduler/gsc_sch_core/gsc_sch_core.o
 .ARM.attributes
                0x00000310       0x31 ./Sources/gsc_scheduler/periodic_tasks/periodic_tasks_init.o
 .ARM.attributes
                0x00000341       0x31 ./Sources/gsc_scheduler/periodic_tasks/periodic_tasks_exec.o
 .ARM.attributes
                0x00000372       0x31 ./Sources/mcl/CrystalClock.o
 .ARM.attributes
                0x000003a3       0x31 ./Sources/mcl/ARM_SysTick.o
 .ARM.attributes
                0x000003d4       0x31 ./Sources/main.o
 .ARM.attributes
                0x00000405       0x31 C:/Freescale/CW MCU v10.6.4/MCU/ARM_GCC_Support/ewl/lib/armv6-m\libc.a(exit.o)
 .ARM.attributes
                0x00000436       0x31 C:/Freescale/CW MCU v10.6.4/MCU/ARM_GCC_Support/ewl/lib/armv6-m\libc.a(memset.o)
 .ARM.attributes
                0x00000467       0x31 C:/Freescale/CW MCU v10.6.4/MCU/ARM_GCC_Support/ewl/lib/armv6-m\libc.a(__filll_mem.o)
 .ARM.attributes
                0x00000498       0x1e c:/freescale/cw mcu v10.6.4/cross_tools/arm-none-eabi-gcc-4_7_3/bin/../lib/gcc/arm-none-eabi/4.7.3/armv6-m\libgcc.a(_udivsi3.o)
 .ARM.attributes
                0x000004b6       0x1e c:/freescale/cw mcu v10.6.4/cross_tools/arm-none-eabi-gcc-4_7_3/bin/../lib/gcc/arm-none-eabi/4.7.3/armv6-m\libgcc.a(_divsi3.o)
 .ARM.attributes
                0x000004d4       0x1e c:/freescale/cw mcu v10.6.4/cross_tools/arm-none-eabi-gcc-4_7_3/bin/../lib/gcc/arm-none-eabi/4.7.3/armv6-m\libgcc.a(_dvmd_tls.o)
 .ARM.attributes
                0x000004f2       0x31 C:/Freescale/CW MCU v10.6.4/MCU/ARM_GCC_Support/ewl/lib/armv6-m\librt.a(gcc_ctor_dtor.o)
 .ARM.attributes
                0x00000523       0x31 C:/Freescale/CW MCU v10.6.4/MCU/ARM_GCC_Support/ewl/lib/armv6-m\librt.a(__arm_eabi_init.o)
 .ARM.attributes
                0x00000554       0x31 C:/Freescale/CW MCU v10.6.4/MCU/ARM_GCC_Support/ewl/lib/armv6-m\librt.a(ROMCopy.o)
OUTPUT(FRDM-KL25Z-UART.elf elf32-littlearm)

.debug_info     0x00000000     0x3fab
 .debug_info    0x00000000      0x447 ./Project_Settings/Startup_Code/kinetis_sysinit.o
 .debug_info    0x00000447      0x12a ./Project_Settings/Startup_Code/__arm_start.o
 .debug_info    0x00000571       0x54 ./Project_Settings/Startup_Code/__arm_end.o
 .debug_info    0x000005c5       0xa4 ./Sources/Common/libs.o
 .debug_info    0x00000669      0x231 ./Sources/Common/io.o
 .debug_info    0x0000089a      0x3ca ./Sources/Drivers/gpio/gpio.o
 .debug_info    0x00000c64      0x66b ./Sources/Drivers/uart/uart.o
 .debug_info    0x000012cf      0x2cf ./Sources/app/UartFsm.o
 .debug_info    0x0000159e      0x5a7 ./Sources/app/RGB_LEDs.o
 .debug_info    0x00001b45      0x24d ./Sources/app/Player_Fsm.o
 .debug_info    0x00001d92      0x286 ./Sources/app/Player.o
 .debug_info    0x00002018      0x544 ./Sources/cpu/sysinit.o
 .debug_info    0x0000255c      0x226 ./Sources/cpu/nvic.o
 .debug_info    0x00002782       0xbb ./Sources/gsc_scheduler/gsc_sch_core/gsc_sch_core_tick_isr.o
 .debug_info    0x0000283d      0x16e ./Sources/gsc_scheduler/gsc_sch_core/gsc_sch_core_cfg.o
 .debug_info    0x000029ab      0x241 ./Sources/gsc_scheduler/gsc_sch_core/gsc_sch_core.o
 .debug_info    0x00002bec      0x1df ./Sources/gsc_scheduler/periodic_tasks/periodic_tasks_init.o
 .debug_info    0x00002dcb      0x1b5 ./Sources/gsc_scheduler/periodic_tasks/periodic_tasks_exec.o
 .debug_info    0x00002f80      0x26f ./Sources/mcl/CrystalClock.o
 .debug_info    0x000031ef       0xe8 ./Sources/mcl/ARM_SysTick.o
 .debug_info    0x000032d7      0x43f ./Sources/main.o
 .debug_info    0x00003716       0xe8 C:/Freescale/CW MCU v10.6.4/MCU/ARM_GCC_Support/ewl/lib/armv6-m\libc.a(exit.o)
 .debug_info    0x000037fe       0xec C:/Freescale/CW MCU v10.6.4/MCU/ARM_GCC_Support/ewl/lib/armv6-m\libc.a(memset.o)
 .debug_info    0x000038ea      0x137 C:/Freescale/CW MCU v10.6.4/MCU/ARM_GCC_Support/ewl/lib/armv6-m\libc.a(__filll_mem.o)
 .debug_info    0x00003a21      0x136 C:/Freescale/CW MCU v10.6.4/MCU/ARM_GCC_Support/ewl/lib/armv6-m\librt.a(gcc_ctor_dtor.o)
 .debug_info    0x00003b57      0x2b9 C:/Freescale/CW MCU v10.6.4/MCU/ARM_GCC_Support/ewl/lib/armv6-m\librt.a(__arm_eabi_init.o)
 .debug_info    0x00003e10      0x19b C:/Freescale/CW MCU v10.6.4/MCU/ARM_GCC_Support/ewl/lib/armv6-m\librt.a(ROMCopy.o)

.debug_abbrev   0x00000000     0x14d4
 .debug_abbrev  0x00000000       0xe7 ./Project_Settings/Startup_Code/kinetis_sysinit.o
 .debug_abbrev  0x000000e7       0x92 ./Project_Settings/Startup_Code/__arm_start.o
 .debug_abbrev  0x00000179       0x4c ./Project_Settings/Startup_Code/__arm_end.o
 .debug_abbrev  0x000001c5       0x57 ./Sources/Common/libs.o
 .debug_abbrev  0x0000021c       0xab ./Sources/Common/io.o
 .debug_abbrev  0x000002c7       0xbe ./Sources/Drivers/gpio/gpio.o
 .debug_abbrev  0x00000385      0x17a ./Sources/Drivers/uart/uart.o
 .debug_abbrev  0x000004ff      0x119 ./Sources/app/UartFsm.o
 .debug_abbrev  0x00000618      0x13a ./Sources/app/RGB_LEDs.o
 .debug_abbrev  0x00000752       0xc4 ./Sources/app/Player_Fsm.o
 .debug_abbrev  0x00000816       0xc5 ./Sources/app/Player.o
 .debug_abbrev  0x000008db       0xcf ./Sources/cpu/sysinit.o
 .debug_abbrev  0x000009aa       0xed ./Sources/cpu/nvic.o
 .debug_abbrev  0x00000a97       0x78 ./Sources/gsc_scheduler/gsc_sch_core/gsc_sch_core_tick_isr.o
 .debug_abbrev  0x00000b0f       0xa1 ./Sources/gsc_scheduler/gsc_sch_core/gsc_sch_core_cfg.o
 .debug_abbrev  0x00000bb0       0xdf ./Sources/gsc_scheduler/gsc_sch_core/gsc_sch_core.o
 .debug_abbrev  0x00000c8f       0x8d ./Sources/gsc_scheduler/periodic_tasks/periodic_tasks_init.o
 .debug_abbrev  0x00000d1c       0x8d ./Sources/gsc_scheduler/periodic_tasks/periodic_tasks_exec.o
 .debug_abbrev  0x00000da9       0xea ./Sources/mcl/CrystalClock.o
 .debug_abbrev  0x00000e93       0x92 ./Sources/mcl/ARM_SysTick.o
 .debug_abbrev  0x00000f25       0xef ./Sources/main.o
 .debug_abbrev  0x00001014       0x7a C:/Freescale/CW MCU v10.6.4/MCU/ARM_GCC_Support/ewl/lib/armv6-m\libc.a(exit.o)
 .debug_abbrev  0x0000108e       0x62 C:/Freescale/CW MCU v10.6.4/MCU/ARM_GCC_Support/ewl/lib/armv6-m\libc.a(memset.o)
 .debug_abbrev  0x000010f0       0x78 C:/Freescale/CW MCU v10.6.4/MCU/ARM_GCC_Support/ewl/lib/armv6-m\libc.a(__filll_mem.o)
 .debug_abbrev  0x00001168       0x99 C:/Freescale/CW MCU v10.6.4/MCU/ARM_GCC_Support/ewl/lib/armv6-m\librt.a(gcc_ctor_dtor.o)
 .debug_abbrev  0x00001201      0x1b3 C:/Freescale/CW MCU v10.6.4/MCU/ARM_GCC_Support/ewl/lib/armv6-m\librt.a(__arm_eabi_init.o)
 .debug_abbrev  0x000013b4      0x120 C:/Freescale/CW MCU v10.6.4/MCU/ARM_GCC_Support/ewl/lib/armv6-m\librt.a(ROMCopy.o)

.debug_loc      0x00000000     0x146e
 .debug_loc     0x00000000       0x58 ./Project_Settings/Startup_Code/kinetis_sysinit.o
 .debug_loc     0x00000058       0x2c ./Project_Settings/Startup_Code/__arm_start.o
 .debug_loc     0x00000084       0x38 ./Project_Settings/Startup_Code/__arm_end.o
 .debug_loc     0x000000bc       0x38 ./Sources/Common/libs.o
 .debug_loc     0x000000f4       0x64 ./Sources/Common/io.o
 .debug_loc     0x00000158       0x2c ./Sources/Drivers/gpio/gpio.o
 .debug_loc     0x00000184      0x1c2 ./Sources/Drivers/uart/uart.o
 .debug_loc     0x00000346      0x118 ./Sources/app/UartFsm.o
 .debug_loc     0x0000045e      0x280 ./Sources/app/RGB_LEDs.o
 .debug_loc     0x000006de      0x134 ./Sources/app/Player_Fsm.o
 .debug_loc     0x00000812      0x1f0 ./Sources/app/Player.o
 .debug_loc     0x00000a02       0x38 ./Sources/cpu/sysinit.o
 .debug_loc     0x00000a3a       0xa8 ./Sources/cpu/nvic.o
 .debug_loc     0x00000ae2       0x2c ./Sources/gsc_scheduler/gsc_sch_core/gsc_sch_core_tick_isr.o
 .debug_loc     0x00000b0e       0x70 ./Sources/gsc_scheduler/gsc_sch_core/gsc_sch_core.o
 .debug_loc     0x00000b7e      0x18c ./Sources/gsc_scheduler/periodic_tasks/periodic_tasks_init.o
 .debug_loc     0x00000d0a      0x134 ./Sources/gsc_scheduler/periodic_tasks/periodic_tasks_exec.o
 .debug_loc     0x00000e3e       0x70 ./Sources/mcl/CrystalClock.o
 .debug_loc     0x00000eae       0x2c ./Sources/mcl/ARM_SysTick.o
 .debug_loc     0x00000eda       0x90 ./Sources/main.o
 .debug_loc     0x00000f6a       0x3e C:/Freescale/CW MCU v10.6.4/MCU/ARM_GCC_Support/ewl/lib/armv6-m\libc.a(exit.o)
 .debug_loc     0x00000fa8       0x6f C:/Freescale/CW MCU v10.6.4/MCU/ARM_GCC_Support/ewl/lib/armv6-m\libc.a(memset.o)
 .debug_loc     0x00001017      0x14a C:/Freescale/CW MCU v10.6.4/MCU/ARM_GCC_Support/ewl/lib/armv6-m\libc.a(__filll_mem.o)
 .debug_loc     0x00001161       0x9d C:/Freescale/CW MCU v10.6.4/MCU/ARM_GCC_Support/ewl/lib/armv6-m\librt.a(gcc_ctor_dtor.o)
 .debug_loc     0x000011fe      0x197 C:/Freescale/CW MCU v10.6.4/MCU/ARM_GCC_Support/ewl/lib/armv6-m\librt.a(__arm_eabi_init.o)
 .debug_loc     0x00001395       0xd9 C:/Freescale/CW MCU v10.6.4/MCU/ARM_GCC_Support/ewl/lib/armv6-m\librt.a(ROMCopy.o)

.debug_aranges  0x00000000      0x5a8
 .debug_aranges
                0x00000000       0x28 ./Project_Settings/Startup_Code/kinetis_sysinit.o
 .debug_aranges
                0x00000028       0x30 ./Project_Settings/Startup_Code/__arm_start.o
 .debug_aranges
                0x00000058       0x20 ./Project_Settings/Startup_Code/__arm_end.o
 .debug_aranges
                0x00000078       0x20 ./Sources/Common/libs.o
 .debug_aranges
                0x00000098       0x28 ./Sources/Common/io.o
 .debug_aranges
                0x000000c0       0x20 ./Sources/Drivers/gpio/gpio.o
 .debug_aranges
                0x000000e0       0x58 ./Sources/Drivers/uart/uart.o
 .debug_aranges
                0x00000138       0x40 ./Sources/app/UartFsm.o
 .debug_aranges
                0x00000178       0x88 ./Sources/app/RGB_LEDs.o
 .debug_aranges
                0x00000200       0x50 ./Sources/app/Player_Fsm.o
 .debug_aranges
                0x00000250       0x70 ./Sources/app/Player.o
 .debug_aranges
                0x000002c0       0x20 ./Sources/cpu/sysinit.o
 .debug_aranges
                0x000002e0       0x30 ./Sources/cpu/nvic.o
 .debug_aranges
                0x00000310       0x20 ./Sources/gsc_scheduler/gsc_sch_core/gsc_sch_core_tick_isr.o
 .debug_aranges
                0x00000330       0x18 ./Sources/gsc_scheduler/gsc_sch_core/gsc_sch_core_cfg.o
 .debug_aranges
                0x00000348       0x28 ./Sources/gsc_scheduler/gsc_sch_core/gsc_sch_core.o
 .debug_aranges
                0x00000370       0x60 ./Sources/gsc_scheduler/periodic_tasks/periodic_tasks_init.o
 .debug_aranges
                0x000003d0       0x50 ./Sources/gsc_scheduler/periodic_tasks/periodic_tasks_exec.o
 .debug_aranges
                0x00000420       0x28 ./Sources/mcl/CrystalClock.o
 .debug_aranges
                0x00000448       0x20 ./Sources/mcl/ARM_SysTick.o
 .debug_aranges
                0x00000468       0x30 ./Sources/main.o
 .debug_aranges
                0x00000498       0x20 C:/Freescale/CW MCU v10.6.4/MCU/ARM_GCC_Support/ewl/lib/armv6-m\libc.a(exit.o)
 .debug_aranges
                0x000004b8       0x20 C:/Freescale/CW MCU v10.6.4/MCU/ARM_GCC_Support/ewl/lib/armv6-m\libc.a(memset.o)
 .debug_aranges
                0x000004d8       0x20 C:/Freescale/CW MCU v10.6.4/MCU/ARM_GCC_Support/ewl/lib/armv6-m\libc.a(__filll_mem.o)
 .debug_aranges
                0x000004f8       0x28 C:/Freescale/CW MCU v10.6.4/MCU/ARM_GCC_Support/ewl/lib/armv6-m\librt.a(gcc_ctor_dtor.o)
 .debug_aranges
                0x00000520       0x58 C:/Freescale/CW MCU v10.6.4/MCU/ARM_GCC_Support/ewl/lib/armv6-m\librt.a(__arm_eabi_init.o)
 .debug_aranges
                0x00000578       0x30 C:/Freescale/CW MCU v10.6.4/MCU/ARM_GCC_Support/ewl/lib/armv6-m\librt.a(ROMCopy.o)

.debug_macinfo  0x00000000   0x2e1cf8
 .debug_macinfo
                0x00000000    0x264c7 ./Project_Settings/Startup_Code/kinetis_sysinit.o
 .debug_macinfo
                0x000264c7     0x3e6d ./Project_Settings/Startup_Code/__arm_start.o
 .debug_macinfo
                0x0002a334     0x3456 ./Project_Settings/Startup_Code/__arm_end.o
 .debug_macinfo
                0x0002d78a    0x26ab7 ./Sources/Common/libs.o
 .debug_macinfo
                0x00054241    0x26ab7 ./Sources/Common/io.o
 .debug_macinfo
                0x0007acf8    0x26654 ./Sources/Drivers/gpio/gpio.o
 .debug_macinfo
                0x000a134c    0x26abb ./Sources/Drivers/uart/uart.o
 .debug_macinfo
                0x000c7e07    0x2661f ./Sources/app/UartFsm.o
 .debug_macinfo
                0x000ee426    0x26780 ./Sources/app/RGB_LEDs.o
 .debug_macinfo
                0x00114ba6    0x265fe ./Sources/app/Player_Fsm.o
 .debug_macinfo
                0x0013b1a4    0x26610 ./Sources/app/Player.o
 .debug_macinfo
                0x001617b4    0x26ab7 ./Sources/cpu/sysinit.o
 .debug_macinfo
                0x0018826b    0x264f0 ./Sources/cpu/nvic.o
 .debug_macinfo
                0x001ae75b    0x265e6 ./Sources/gsc_scheduler/gsc_sch_core/gsc_sch_core_tick_isr.o
 .debug_macinfo
                0x001d4d41    0x266c8 ./Sources/gsc_scheduler/gsc_sch_core/gsc_sch_core_cfg.o
 .debug_macinfo
                0x001fb409    0x266ad ./Sources/gsc_scheduler/gsc_sch_core/gsc_sch_core.o
 .debug_macinfo
                0x00221ab6    0x26667 ./Sources/gsc_scheduler/periodic_tasks/periodic_tasks_init.o
 .debug_macinfo
                0x0024811d    0x26667 ./Sources/gsc_scheduler/periodic_tasks/periodic_tasks_exec.o
 .debug_macinfo
                0x0026e784    0x265be ./Sources/mcl/CrystalClock.o
 .debug_macinfo
                0x00294d42    0x264ff ./Sources/mcl/ARM_SysTick.o
 .debug_macinfo
                0x002bb241    0x26ab7 ./Sources/main.o

.debug_line     0x00000000     0x444a
 .debug_line    0x00000000      0x25d ./Project_Settings/Startup_Code/kinetis_sysinit.o
 .debug_line    0x0000025d      0x29d ./Project_Settings/Startup_Code/__arm_start.o
 .debug_line    0x000004fa      0x26e ./Project_Settings/Startup_Code/__arm_end.o
 .debug_line    0x00000768      0x440 ./Sources/Common/libs.o
 .debug_line    0x00000ba8      0x44d ./Sources/Common/io.o
 .debug_line    0x00000ff5      0x1f2 ./Sources/Drivers/gpio/gpio.o
 .debug_line    0x000011e7      0x525 ./Sources/Drivers/uart/uart.o
 .debug_line    0x0000170c      0x290 ./Sources/app/UartFsm.o
 .debug_line    0x0000199c      0x34e ./Sources/app/RGB_LEDs.o
 .debug_line    0x00001cea      0x317 ./Sources/app/Player_Fsm.o
 .debug_line    0x00002001      0x2da ./Sources/app/Player.o
 .debug_line    0x000022db      0x453 ./Sources/cpu/sysinit.o
 .debug_line    0x0000272e      0x215 ./Sources/cpu/nvic.o
 .debug_line    0x00002943      0x23c ./Sources/gsc_scheduler/gsc_sch_core/gsc_sch_core_tick_isr.o
 .debug_line    0x00002b7f      0x28a ./Sources/gsc_scheduler/gsc_sch_core/gsc_sch_core_cfg.o
 .debug_line    0x00002e09      0x27f ./Sources/gsc_scheduler/gsc_sch_core/gsc_sch_core.o
 .debug_line    0x00003088      0x385 ./Sources/gsc_scheduler/periodic_tasks/periodic_tasks_init.o
 .debug_line    0x0000340d      0x361 ./Sources/gsc_scheduler/periodic_tasks/periodic_tasks_exec.o
 .debug_line    0x0000376e      0x2a0 ./Sources/mcl/CrystalClock.o
 .debug_line    0x00003a0e      0x201 ./Sources/mcl/ARM_SysTick.o
 .debug_line    0x00003c0f      0x3e8 ./Sources/main.o
 .debug_line    0x00003ff7       0x8d C:/Freescale/CW MCU v10.6.4/MCU/ARM_GCC_Support/ewl/lib/armv6-m\libc.a(exit.o)
 .debug_line    0x00004084       0x90 C:/Freescale/CW MCU v10.6.4/MCU/ARM_GCC_Support/ewl/lib/armv6-m\libc.a(memset.o)
 .debug_line    0x00004114       0xf6 C:/Freescale/CW MCU v10.6.4/MCU/ARM_GCC_Support/ewl/lib/armv6-m\libc.a(__filll_mem.o)
 .debug_line    0x0000420a       0x6c C:/Freescale/CW MCU v10.6.4/MCU/ARM_GCC_Support/ewl/lib/armv6-m\librt.a(gcc_ctor_dtor.o)
 .debug_line    0x00004276      0x117 C:/Freescale/CW MCU v10.6.4/MCU/ARM_GCC_Support/ewl/lib/armv6-m\librt.a(__arm_eabi_init.o)
 .debug_line    0x0000438d       0xbd C:/Freescale/CW MCU v10.6.4/MCU/ARM_GCC_Support/ewl/lib/armv6-m\librt.a(ROMCopy.o)

.debug_str      0x00000000     0x158d
 .debug_str     0x00000000      0x297 ./Project_Settings/Startup_Code/kinetis_sysinit.o
                                0x2be (size before relaxing)
 .debug_str     0x00000297       0x85 ./Project_Settings/Startup_Code/__arm_start.o
                                0x198 (size before relaxing)
 .debug_str     0x0000031c       0x41 ./Project_Settings/Startup_Code/__arm_end.o
                                 0xcf (size before relaxing)
 .debug_str     0x0000035d       0x21 ./Sources/Common/libs.o
                                0x134 (size before relaxing)
 .debug_str     0x0000037e       0x60 ./Sources/Common/io.o
                                0x17b (size before relaxing)
 .debug_str     0x000003de       0x8d ./Sources/Drivers/gpio/gpio.o
                                0x285 (size before relaxing)
 .debug_str     0x0000046b       0xfa ./Sources/Drivers/uart/uart.o
                                0x346 (size before relaxing)
 .debug_str     0x00000565       0xe1 ./Sources/app/UartFsm.o
                                0x223 (size before relaxing)
 .debug_str     0x00000646      0x103 ./Sources/app/RGB_LEDs.o
                                0x381 (size before relaxing)
 .debug_str     0x00000749       0xcb ./Sources/app/Player_Fsm.o
                                0x20d (size before relaxing)
 .debug_str     0x00000814       0xb7 ./Sources/app/Player.o
                                0x285 (size before relaxing)
 .debug_str     0x000008cb       0x7b ./Sources/cpu/sysinit.o
                                0x2e4 (size before relaxing)
 .debug_str     0x00000946       0x7b ./Sources/cpu/nvic.o
                                0x1b9 (size before relaxing)
 .debug_str     0x000009c1       0x86 ./Sources/gsc_scheduler/gsc_sch_core/gsc_sch_core_tick_isr.o
                                0x194 (size before relaxing)
 .debug_str     0x00000a47      0x14f ./Sources/gsc_scheduler/gsc_sch_core/gsc_sch_core_cfg.o
                                0x265 (size before relaxing)
 .debug_str     0x00000b96       0xac ./Sources/gsc_scheduler/gsc_sch_core/gsc_sch_core.o
                                0x30a (size before relaxing)
 .debug_str     0x00000c42      0x150 ./Sources/gsc_scheduler/periodic_tasks/periodic_tasks_init.o
                                0x2cb (size before relaxing)
 .debug_str     0x00000d92       0xf5 ./Sources/gsc_scheduler/periodic_tasks/periodic_tasks_exec.o
                                0x270 (size before relaxing)
 .debug_str     0x00000e87       0xc5 ./Sources/mcl/CrystalClock.o
                                0x1e4 (size before relaxing)
 .debug_str     0x00000f4c       0x50 ./Sources/mcl/ARM_SysTick.o
                                0x15a (size before relaxing)
 .debug_str     0x00000f9c      0x27d ./Sources/main.o
                                0x48a (size before relaxing)
 .debug_str     0x00001219       0x60 C:/Freescale/CW MCU v10.6.4/MCU/ARM_GCC_Support/ewl/lib/armv6-m\libc.a(exit.o)
                                0x157 (size before relaxing)
 .debug_str     0x00001279       0x23 C:/Freescale/CW MCU v10.6.4/MCU/ARM_GCC_Support/ewl/lib/armv6-m\libc.a(memset.o)
                                0x140 (size before relaxing)
 .debug_str     0x0000129c       0x2d C:/Freescale/CW MCU v10.6.4/MCU/ARM_GCC_Support/ewl/lib/armv6-m\libc.a(__filll_mem.o)
                                0x152 (size before relaxing)
 .debug_str     0x000012c9      0x126 C:/Freescale/CW MCU v10.6.4/MCU/ARM_GCC_Support/ewl/lib/armv6-m\librt.a(gcc_ctor_dtor.o)
                                0x181 (size before relaxing)
 .debug_str     0x000013ef       0xf8 C:/Freescale/CW MCU v10.6.4/MCU/ARM_GCC_Support/ewl/lib/armv6-m\librt.a(__arm_eabi_init.o)
                                0x1b5 (size before relaxing)
 .debug_str     0x000014e7       0xa6 C:/Freescale/CW MCU v10.6.4/MCU/ARM_GCC_Support/ewl/lib/armv6-m\librt.a(ROMCopy.o)
                                0x13c (size before relaxing)

.comment        0x00000000       0x79
 .comment       0x00000000       0x79 ./Project_Settings/Startup_Code/kinetis_sysinit.o
                                 0x7a (size before relaxing)
 .comment       0x00000000       0x7a ./Project_Settings/Startup_Code/__arm_start.o
 .comment       0x00000000       0x7a ./Project_Settings/Startup_Code/__arm_end.o
 .comment       0x00000000       0x7a ./Sources/Common/libs.o
 .comment       0x00000000       0x7a ./Sources/Common/io.o
 .comment       0x00000000       0x7a ./Sources/Drivers/gpio/gpio.o
 .comment       0x00000000       0x7a ./Sources/Drivers/uart/uart.o
 .comment       0x00000000       0x7a ./Sources/app/UartFsm.o
 .comment       0x00000000       0x7a ./Sources/app/RGB_LEDs.o
 .comment       0x00000000       0x7a ./Sources/app/Player_Fsm.o
 .comment       0x00000000       0x7a ./Sources/app/Player.o
 .comment       0x00000000       0x7a ./Sources/cpu/sysinit.o
 .comment       0x00000000       0x7a ./Sources/cpu/nvic.o
 .comment       0x00000000       0x7a ./Sources/gsc_scheduler/gsc_sch_core/gsc_sch_core_tick_isr.o
 .comment       0x00000000       0x7a ./Sources/gsc_scheduler/gsc_sch_core/gsc_sch_core_cfg.o
 .comment       0x00000000       0x7a ./Sources/gsc_scheduler/gsc_sch_core/gsc_sch_core.o
 .comment       0x00000000       0x7a ./Sources/gsc_scheduler/periodic_tasks/periodic_tasks_init.o
 .comment       0x00000000       0x7a ./Sources/gsc_scheduler/periodic_tasks/periodic_tasks_exec.o
 .comment       0x00000000       0x7a ./Sources/mcl/CrystalClock.o
 .comment       0x00000000       0x7a ./Sources/mcl/ARM_SysTick.o
 .comment       0x00000000       0x7a ./Sources/main.o
 .comment       0x00000000       0x7a C:/Freescale/CW MCU v10.6.4/MCU/ARM_GCC_Support/ewl/lib/armv6-m\libc.a(exit.o)
 .comment       0x00000000       0x7a C:/Freescale/CW MCU v10.6.4/MCU/ARM_GCC_Support/ewl/lib/armv6-m\libc.a(memset.o)
 .comment       0x00000000       0x7a C:/Freescale/CW MCU v10.6.4/MCU/ARM_GCC_Support/ewl/lib/armv6-m\libc.a(__filll_mem.o)
 .comment       0x00000000       0x7a C:/Freescale/CW MCU v10.6.4/MCU/ARM_GCC_Support/ewl/lib/armv6-m\librt.a(gcc_ctor_dtor.o)
 .comment       0x00000000       0x7a C:/Freescale/CW MCU v10.6.4/MCU/ARM_GCC_Support/ewl/lib/armv6-m\librt.a(__arm_eabi_init.o)
 .comment       0x00000000       0x7a C:/Freescale/CW MCU v10.6.4/MCU/ARM_GCC_Support/ewl/lib/armv6-m\librt.a(ROMCopy.o)

.debug_frame    0x00000000      0xcd8
 .debug_frame   0x00000000       0x48 ./Project_Settings/Startup_Code/kinetis_sysinit.o
 .debug_frame   0x00000048       0x4c ./Project_Settings/Startup_Code/__arm_start.o
 .debug_frame   0x00000094       0x30 ./Project_Settings/Startup_Code/__arm_end.o
 .debug_frame   0x000000c4       0x30 ./Sources/Common/libs.o
 .debug_frame   0x000000f4       0x4c ./Sources/Common/io.o
 .debug_frame   0x00000140       0x2c ./Sources/Drivers/gpio/gpio.o
 .debug_frame   0x0000016c      0x110 ./Sources/Drivers/uart/uart.o
 .debug_frame   0x0000027c       0xb0 ./Sources/app/UartFsm.o
 .debug_frame   0x0000032c      0x1a0 ./Sources/app/RGB_LEDs.o
 .debug_frame   0x000004cc       0xd4 ./Sources/app/Player_Fsm.o
 .debug_frame   0x000005a0      0x148 ./Sources/app/Player.o
 .debug_frame   0x000006e8       0x30 ./Sources/cpu/sysinit.o
 .debug_frame   0x00000718       0x70 ./Sources/cpu/nvic.o
 .debug_frame   0x00000788       0x2c ./Sources/gsc_scheduler/gsc_sch_core/gsc_sch_core_tick_isr.o
 .debug_frame   0x000007b4       0x50 ./Sources/gsc_scheduler/gsc_sch_core/gsc_sch_core.o
 .debug_frame   0x00000804      0x10c ./Sources/gsc_scheduler/periodic_tasks/periodic_tasks_init.o
 .debug_frame   0x00000910       0xd4 ./Sources/gsc_scheduler/periodic_tasks/periodic_tasks_exec.o
 .debug_frame   0x000009e4       0x50 ./Sources/mcl/CrystalClock.o
 .debug_frame   0x00000a34       0x2c ./Sources/mcl/ARM_SysTick.o
 .debug_frame   0x00000a60       0x68 ./Sources/main.o
 .debug_frame   0x00000ac8       0x2c C:/Freescale/CW MCU v10.6.4/MCU/ARM_GCC_Support/ewl/lib/armv6-m\libc.a(exit.o)
 .debug_frame   0x00000af4       0x28 C:/Freescale/CW MCU v10.6.4/MCU/ARM_GCC_Support/ewl/lib/armv6-m\libc.a(memset.o)
 .debug_frame   0x00000b1c       0x2c C:/Freescale/CW MCU v10.6.4/MCU/ARM_GCC_Support/ewl/lib/armv6-m\libc.a(__filll_mem.o)
 .debug_frame   0x00000b48       0x20 c:/freescale/cw mcu v10.6.4/cross_tools/arm-none-eabi-gcc-4_7_3/bin/../lib/gcc/arm-none-eabi/4.7.3/armv6-m\libgcc.a(_udivsi3.o)
 .debug_frame   0x00000b68       0x20 c:/freescale/cw mcu v10.6.4/cross_tools/arm-none-eabi-gcc-4_7_3/bin/../lib/gcc/arm-none-eabi/4.7.3/armv6-m\libgcc.a(_divsi3.o)
 .debug_frame   0x00000b88       0x40 C:/Freescale/CW MCU v10.6.4/MCU/ARM_GCC_Support/ewl/lib/armv6-m\librt.a(gcc_ctor_dtor.o)
 .debug_frame   0x00000bc8       0xbc C:/Freescale/CW MCU v10.6.4/MCU/ARM_GCC_Support/ewl/lib/armv6-m\librt.a(__arm_eabi_init.o)
 .debug_frame   0x00000c84       0x54 C:/Freescale/CW MCU v10.6.4/MCU/ARM_GCC_Support/ewl/lib/armv6-m\librt.a(ROMCopy.o)
