Archive member included because of file (symbol)

C:/Freescale/CW MCU v10.6.4/MCU/ARM_GCC_Support/ewl/lib/armv6-m\libc.a(exit.o)
                              ./Project_Settings/Startup_Code/__arm_start.o (exit)
C:/Freescale/CW MCU v10.6.4/MCU/ARM_GCC_Support/ewl/lib/armv6-m\libc.a(memset.o)
                              ./Project_Settings/Startup_Code/__arm_start.o (memset)
C:/Freescale/CW MCU v10.6.4/MCU/ARM_GCC_Support/ewl/lib/armv6-m\libc.a(__filll_mem.o)
                              C:/Freescale/CW MCU v10.6.4/MCU/ARM_GCC_Support/ewl/lib/armv6-m\libc.a(memset.o) (__fill_mem)
c:/freescale/cw mcu v10.6.4/cross_tools/arm-none-eabi-gcc-4_7_3/bin/../lib/gcc/arm-none-eabi/4.7.3/armv6-m\libgcc.a(_udivsi3.o)
                              ./Sources/Drivers/uart/uart.o (__aeabi_uidiv)
c:/freescale/cw mcu v10.6.4/cross_tools/arm-none-eabi-gcc-4_7_3/bin/../lib/gcc/arm-none-eabi/4.7.3/armv6-m\libgcc.a(_divsi3.o)
                              ./Sources/Drivers/uart/uart.o (__aeabi_idiv)
c:/freescale/cw mcu v10.6.4/cross_tools/arm-none-eabi-gcc-4_7_3/bin/../lib/gcc/arm-none-eabi/4.7.3/armv6-m\libgcc.a(_dvmd_tls.o)
                              c:/freescale/cw mcu v10.6.4/cross_tools/arm-none-eabi-gcc-4_7_3/bin/../lib/gcc/arm-none-eabi/4.7.3/armv6-m\libgcc.a(_udivsi3.o) (__aeabi_idiv0)
C:/Freescale/CW MCU v10.6.4/MCU/ARM_GCC_Support/ewl/lib/armv6-m\librt.a(gcc_ctor_dtor.o)
                              ./Project_Settings/Startup_Code/__arm_start.o (__init_cpp)
C:/Freescale/CW MCU v10.6.4/MCU/ARM_GCC_Support/ewl/lib/armv6-m\librt.a(__arm_eabi_init.o)
                              C:/Freescale/CW MCU v10.6.4/MCU/ARM_GCC_Support/ewl/lib/armv6-m\libc.a(exit.o) (__destroy_global_chain)
C:/Freescale/CW MCU v10.6.4/MCU/ARM_GCC_Support/ewl/lib/armv6-m\librt.a(ROMCopy.o)
                              ./Project_Settings/Startup_Code/__arm_start.o (__copy_rom_sections_to_ram)

Allocating common symbols
Common symbol       size              file

mcg_clk_hz          0x4               ./Sources/cpu/sysinit.o
PlayerState         0xc               ./Sources/app/Player_Fsm.o
core_clk_khz        0x4               ./Sources/cpu/sysinit.o
periph_clk_khz      0x4               ./Sources/cpu/sysinit.o
rub_checksum        0x1               ./Sources/app/UartFsm.o
uart0_clk_khz       0x4               ./Sources/cpu/sysinit.o
uart0_clk_hz        0x4               ./Sources/cpu/sysinit.o
rub_func            0x1               ./Sources/app/UartFsm.o
cmd_type            0x1               ./Sources/app/UartFsm.o
rub_data            0x1               ./Sources/app/UartFsm.o
mcg_clk_khz         0x4               ./Sources/cpu/sysinit.o
drs_val             0x1               ./Sources/Drivers/mcg/mcg.o
dmx32_val           0x1               ./Sources/Drivers/mcg/mcg.o
rt_curOpMode        0x2               ./Sources/gsc_scheduler/gsc_sch_core/gsc_sch_core.o
pll_clk_khz         0x4               ./Sources/cpu/sysinit.o

Discarded input sections

 .text          0x00000000        0x0 ./Project_Settings/Startup_Code/kinetis_sysinit.o
 .data          0x00000000        0x0 ./Project_Settings/Startup_Code/kinetis_sysinit.o
 .bss           0x00000000        0x0 ./Project_Settings/Startup_Code/kinetis_sysinit.o
 .text          0x00000000        0x0 ./Project_Settings/Startup_Code/__arm_start.o
 .data          0x00000000        0x0 ./Project_Settings/Startup_Code/__arm_start.o
 .bss           0x00000000        0x0 ./Project_Settings/Startup_Code/__arm_start.o
 .text.__iar_program_start
                0x00000000        0x4 ./Project_Settings/Startup_Code/__arm_start.o
 .text          0x00000000        0x0 ./Project_Settings/Startup_Code/__arm_end.o
 .data          0x00000000        0x0 ./Project_Settings/Startup_Code/__arm_end.o
 .bss           0x00000000        0x0 ./Project_Settings/Startup_Code/__arm_end.o
 .text          0x00000000        0x0 ./Sources/Common/libs.o
 .data          0x00000000        0x0 ./Sources/Common/libs.o
 .bss           0x00000000        0x0 ./Sources/Common/libs.o
 .text          0x00000000        0x0 ./Sources/Common/io.o
 .data          0x00000000        0x0 ./Sources/Common/io.o
 .bss           0x00000000        0x0 ./Sources/Common/io.o
 .text.in_char  0x00000000       0x18 ./Sources/Common/io.o
 .text          0x00000000        0x0 ./Sources/Drivers/gpio/gpio.o
 .data          0x00000000        0x0 ./Sources/Drivers/gpio/gpio.o
 .bss           0x00000000        0x0 ./Sources/Drivers/gpio/gpio.o
 .text          0x00000000        0x0 ./Sources/Drivers/mcg/mcg.o
 .data          0x00000000        0x0 ./Sources/Drivers/mcg/mcg.o
 .bss           0x00000000        0x0 ./Sources/Drivers/mcg/mcg.o
 .debug_info    0x00000000       0x93 ./Sources/Drivers/mcg/mcg.o
 .debug_abbrev  0x00000000       0x39 ./Sources/Drivers/mcg/mcg.o
 .debug_aranges
                0x00000000       0x18 ./Sources/Drivers/mcg/mcg.o
 .debug_macinfo
                0x00000000    0x265c3 ./Sources/Drivers/mcg/mcg.o
 .debug_line    0x00000000      0x1c9 ./Sources/Drivers/mcg/mcg.o
 .debug_str     0x00000000      0x129 ./Sources/Drivers/mcg/mcg.o
 .comment       0x00000000       0x7a ./Sources/Drivers/mcg/mcg.o
 .ARM.attributes
                0x00000000       0x31 ./Sources/Drivers/mcg/mcg.o
 COMMON         0x00000000        0x2 ./Sources/Drivers/mcg/mcg.o
 .text          0x00000000        0x0 ./Sources/Drivers/uart/uart.o
 .data          0x00000000        0x0 ./Sources/Drivers/uart/uart.o
 .bss           0x00000000        0x0 ./Sources/Drivers/uart/uart.o
 .text.uart_init
                0x00000000       0xd0 ./Sources/Drivers/uart/uart.o
 .text.uart_getchar
                0x00000000       0x28 ./Sources/Drivers/uart/uart.o
 .text.uart_putchar
                0x00000000       0x2c ./Sources/Drivers/uart/uart.o
 .text.uart_getchar_present
                0x00000000       0x1c ./Sources/Drivers/uart/uart.o
 .text.uart0_getchar
                0x00000000       0x28 ./Sources/Drivers/uart/uart.o
 .text.uart0_getchar_present
                0x00000000       0x1c ./Sources/Drivers/uart/uart.o
 .text          0x00000000        0x0 ./Sources/app/UartFsm.o
 .data          0x00000000        0x0 ./Sources/app/UartFsm.o
 .bss           0x00000000        0x0 ./Sources/app/UartFsm.o
 .text          0x00000000        0x0 ./Sources/app/RGB_LEDs.o
 .data          0x00000000        0x0 ./Sources/app/RGB_LEDs.o
 .bss           0x00000000        0x0 ./Sources/app/RGB_LEDs.o
 .text.test_pwm
                0x00000000       0x4c ./Sources/app/RGB_LEDs.o
 .text.app_rgb_led
                0x00000000       0x78 ./Sources/app/RGB_LEDs.o
 .text.app_rgb_led_fsm
                0x00000000       0xcc ./Sources/app/RGB_LEDs.o
 .rodata.app_rgb_led_fsm
                0x00000000       0x20 ./Sources/app/RGB_LEDs.o
 .text.delay_time
                0x00000000       0x24 ./Sources/app/RGB_LEDs.o
 .bss.rgb_state.4769
                0x00000000        0x1 ./Sources/app/RGB_LEDs.o
 .bss.cont.4762
                0x00000000        0x1 ./Sources/app/RGB_LEDs.o
 .text          0x00000000        0x0 ./Sources/app/Player_Fsm.o
 .data          0x00000000        0x0 ./Sources/app/Player_Fsm.o
 .bss           0x00000000        0x0 ./Sources/app/Player_Fsm.o
 .text.VolUpReq
                0x00000000       0x18 ./Sources/app/Player_Fsm.o
 .text.VolDownReq
                0x00000000       0x18 ./Sources/app/Player_Fsm.o
 .text.FwdReq   0x00000000       0x18 ./Sources/app/Player_Fsm.o
 .text.RwdReq   0x00000000       0x18 ./Sources/app/Player_Fsm.o
 .text          0x00000000        0x0 ./Sources/app/Player.o
 .data          0x00000000        0x0 ./Sources/app/Player.o
 .bss           0x00000000        0x0 ./Sources/app/Player.o
 .text          0x00000000        0x0 ./Sources/app/Buttons.o
 .data          0x00000000        0x0 ./Sources/app/Buttons.o
 .bss           0x00000000        0x0 ./Sources/app/Buttons.o
 .text.InitButtons
                0x00000000       0x74 ./Sources/app/Buttons.o
 .text.PlayButtonState
                0x00000000       0x20 ./Sources/app/Buttons.o
 .text.StopButtonState
                0x00000000       0x20 ./Sources/app/Buttons.o
 .text.VolUpButtonState
                0x00000000       0x20 ./Sources/app/Buttons.o
 .text.VolDownButtonState
                0x00000000       0x20 ./Sources/app/Buttons.o
 .text.SenseButtons
                0x00000000      0x220 ./Sources/app/Buttons.o
 .bss.playTicks.4769
                0x00000000        0x4 ./Sources/app/Buttons.o
 .bss.playActive.4773
                0x00000000        0x1 ./Sources/app/Buttons.o
 .bss.stopActive.4774
                0x00000000        0x1 ./Sources/app/Buttons.o
 .bss.volDownActive.4775
                0x00000000        0x1 ./Sources/app/Buttons.o
 .bss.volUpActive.4776
                0x00000000        0x1 ./Sources/app/Buttons.o
 .bss.stopTicks.4770
                0x00000000        0x4 ./Sources/app/Buttons.o
 .bss.volUpTicks.4771
                0x00000000        0x4 ./Sources/app/Buttons.o
 .bss.volDownTicks.4772
                0x00000000        0x4 ./Sources/app/Buttons.o
 .debug_info    0x00000000      0x2c5 ./Sources/app/Buttons.o
 .debug_abbrev  0x00000000       0xe1 ./Sources/app/Buttons.o
 .debug_loc     0x00000000      0x108 ./Sources/app/Buttons.o
 .debug_aranges
                0x00000000       0x48 ./Sources/app/Buttons.o
 .debug_macinfo
                0x00000000    0x26610 ./Sources/app/Buttons.o
 .debug_line    0x00000000      0x289 ./Sources/app/Buttons.o
 .debug_str     0x00000000      0x264 ./Sources/app/Buttons.o
 .comment       0x00000000       0x7a ./Sources/app/Buttons.o
 .ARM.attributes
                0x00000000       0x31 ./Sources/app/Buttons.o
 .debug_frame   0x00000000       0xb8 ./Sources/app/Buttons.o
 .text          0x00000000        0x0 ./Sources/cpu/sysinit.o
 .data          0x00000000        0x0 ./Sources/cpu/sysinit.o
 .bss           0x00000000        0x0 ./Sources/cpu/sysinit.o
 .text          0x00000000        0x0 ./Sources/cpu/nvic.o
 .data          0x00000000        0x0 ./Sources/cpu/nvic.o
 .bss           0x00000000        0x0 ./Sources/cpu/nvic.o
 .text.disable_irq
                0x00000000       0x44 ./Sources/cpu/nvic.o
 .text          0x00000000        0x0 ./Sources/gsc_scheduler/gsc_sch_core/gsc_sch_core_tick_isr.o
 .data          0x00000000        0x0 ./Sources/gsc_scheduler/gsc_sch_core/gsc_sch_core_tick_isr.o
 .bss           0x00000000        0x0 ./Sources/gsc_scheduler/gsc_sch_core/gsc_sch_core_tick_isr.o
 .text          0x00000000        0x0 ./Sources/gsc_scheduler/gsc_sch_core/gsc_sch_core_cfg.o
 .data          0x00000000        0x0 ./Sources/gsc_scheduler/gsc_sch_core/gsc_sch_core_cfg.o
 .bss           0x00000000        0x0 ./Sources/gsc_scheduler/gsc_sch_core/gsc_sch_core_cfg.o
 .text          0x00000000        0x0 ./Sources/gsc_scheduler/gsc_sch_core/gsc_sch_core.o
 .data          0x00000000        0x0 ./Sources/gsc_scheduler/gsc_sch_core/gsc_sch_core.o
 .bss           0x00000000        0x0 ./Sources/gsc_scheduler/gsc_sch_core/gsc_sch_core.o
 .text          0x00000000        0x0 ./Sources/gsc_scheduler/periodic_tasks/periodic_tasks_init.o
 .data          0x00000000        0x0 ./Sources/gsc_scheduler/periodic_tasks/periodic_tasks_init.o
 .bss           0x00000000        0x0 ./Sources/gsc_scheduler/periodic_tasks/periodic_tasks_init.o
 .text          0x00000000        0x0 ./Sources/gsc_scheduler/periodic_tasks/periodic_tasks_exec.o
 .data          0x00000000        0x0 ./Sources/gsc_scheduler/periodic_tasks/periodic_tasks_exec.o
 .bss           0x00000000        0x0 ./Sources/gsc_scheduler/periodic_tasks/periodic_tasks_exec.o
 .text          0x00000000        0x0 ./Sources/mcl/interrupts.o
 .data          0x00000000        0x0 ./Sources/mcl/interrupts.o
 .bss           0x00000000        0x0 ./Sources/mcl/interrupts.o
 .debug_info    0x00000000       0x6f ./Sources/mcl/interrupts.o
 .debug_abbrev  0x00000000       0x28 ./Sources/mcl/interrupts.o
 .debug_aranges
                0x00000000       0x18 ./Sources/mcl/interrupts.o
 .debug_macinfo
                0x00000000    0x26578 ./Sources/mcl/interrupts.o
 .debug_line    0x00000000      0x1df ./Sources/mcl/interrupts.o
 .debug_str     0x00000000      0x11e ./Sources/mcl/interrupts.o
 .comment       0x00000000       0x7a ./Sources/mcl/interrupts.o
 .ARM.attributes
                0x00000000       0x31 ./Sources/mcl/interrupts.o
 .text          0x00000000        0x0 ./Sources/mcl/CrystalClock.o
 .data          0x00000000        0x0 ./Sources/mcl/CrystalClock.o
 .bss           0x00000000        0x0 ./Sources/mcl/CrystalClock.o
 .text          0x00000000        0x0 ./Sources/mcl/ARM_SysTick.o
 .data          0x00000000        0x0 ./Sources/mcl/ARM_SysTick.o
 .bss           0x00000000        0x0 ./Sources/mcl/ARM_SysTick.o
 .text          0x00000000        0x0 ./Sources/sa_mtb.o
 .data          0x00000000        0x0 ./Sources/sa_mtb.o
 .bss           0x00000000        0x0 ./Sources/sa_mtb.o
 .debug_info    0x00000000       0x21 ./Sources/sa_mtb.o
 .debug_abbrev  0x00000000       0x12 ./Sources/sa_mtb.o
 .debug_aranges
                0x00000000       0x18 ./Sources/sa_mtb.o
 .debug_macinfo
                0x00000000     0x24d8 ./Sources/sa_mtb.o
 .debug_line    0x00000000       0xac ./Sources/sa_mtb.o
 .debug_str     0x00000000       0x95 ./Sources/sa_mtb.o
 .comment       0x00000000       0x7a ./Sources/sa_mtb.o
 .ARM.attributes
                0x00000000       0x31 ./Sources/sa_mtb.o
 .text          0x00000000        0x0 ./Sources/main.o
 .data          0x00000000        0x0 ./Sources/main.o
 .bss           0x00000000        0x0 ./Sources/main.o
 .text          0x00000000        0x0 C:/Freescale/CW MCU v10.6.4/MCU/ARM_GCC_Support/ewl/lib/armv6-m\libc.a(exit.o)
 .data          0x00000000        0x0 C:/Freescale/CW MCU v10.6.4/MCU/ARM_GCC_Support/ewl/lib/armv6-m\libc.a(exit.o)
 .bss           0x00000000        0x0 C:/Freescale/CW MCU v10.6.4/MCU/ARM_GCC_Support/ewl/lib/armv6-m\libc.a(exit.o)
 .text          0x00000000        0x0 C:/Freescale/CW MCU v10.6.4/MCU/ARM_GCC_Support/ewl/lib/armv6-m\libc.a(memset.o)
 .data          0x00000000        0x0 C:/Freescale/CW MCU v10.6.4/MCU/ARM_GCC_Support/ewl/lib/armv6-m\libc.a(memset.o)
 .bss           0x00000000        0x0 C:/Freescale/CW MCU v10.6.4/MCU/ARM_GCC_Support/ewl/lib/armv6-m\libc.a(memset.o)
 .text          0x00000000        0x0 C:/Freescale/CW MCU v10.6.4/MCU/ARM_GCC_Support/ewl/lib/armv6-m\libc.a(__filll_mem.o)
 .data          0x00000000        0x0 C:/Freescale/CW MCU v10.6.4/MCU/ARM_GCC_Support/ewl/lib/armv6-m\libc.a(__filll_mem.o)
 .bss           0x00000000        0x0 C:/Freescale/CW MCU v10.6.4/MCU/ARM_GCC_Support/ewl/lib/armv6-m\libc.a(__filll_mem.o)
 .data          0x00000000        0x0 c:/freescale/cw mcu v10.6.4/cross_tools/arm-none-eabi-gcc-4_7_3/bin/../lib/gcc/arm-none-eabi/4.7.3/armv6-m\libgcc.a(_udivsi3.o)
 .bss           0x00000000        0x0 c:/freescale/cw mcu v10.6.4/cross_tools/arm-none-eabi-gcc-4_7_3/bin/../lib/gcc/arm-none-eabi/4.7.3/armv6-m\libgcc.a(_udivsi3.o)
 .data          0x00000000        0x0 c:/freescale/cw mcu v10.6.4/cross_tools/arm-none-eabi-gcc-4_7_3/bin/../lib/gcc/arm-none-eabi/4.7.3/armv6-m\libgcc.a(_divsi3.o)
 .bss           0x00000000        0x0 c:/freescale/cw mcu v10.6.4/cross_tools/arm-none-eabi-gcc-4_7_3/bin/../lib/gcc/arm-none-eabi/4.7.3/armv6-m\libgcc.a(_divsi3.o)
 .data          0x00000000        0x0 c:/freescale/cw mcu v10.6.4/cross_tools/arm-none-eabi-gcc-4_7_3/bin/../lib/gcc/arm-none-eabi/4.7.3/armv6-m\libgcc.a(_dvmd_tls.o)
 .bss           0x00000000        0x0 c:/freescale/cw mcu v10.6.4/cross_tools/arm-none-eabi-gcc-4_7_3/bin/../lib/gcc/arm-none-eabi/4.7.3/armv6-m\libgcc.a(_dvmd_tls.o)
 .text          0x00000000        0x0 C:/Freescale/CW MCU v10.6.4/MCU/ARM_GCC_Support/ewl/lib/armv6-m\librt.a(gcc_ctor_dtor.o)
 .data          0x00000000        0x0 C:/Freescale/CW MCU v10.6.4/MCU/ARM_GCC_Support/ewl/lib/armv6-m\librt.a(gcc_ctor_dtor.o)
 .bss           0x00000000        0x0 C:/Freescale/CW MCU v10.6.4/MCU/ARM_GCC_Support/ewl/lib/armv6-m\librt.a(gcc_ctor_dtor.o)
 .bss.__dso_handle
                0x00000000        0x4 C:/Freescale/CW MCU v10.6.4/MCU/ARM_GCC_Support/ewl/lib/armv6-m\librt.a(gcc_ctor_dtor.o)
 .text          0x00000000        0x0 C:/Freescale/CW MCU v10.6.4/MCU/ARM_GCC_Support/ewl/lib/armv6-m\librt.a(__arm_eabi_init.o)
 .data          0x00000000        0x0 C:/Freescale/CW MCU v10.6.4/MCU/ARM_GCC_Support/ewl/lib/armv6-m\librt.a(__arm_eabi_init.o)
 .bss           0x00000000        0x0 C:/Freescale/CW MCU v10.6.4/MCU/ARM_GCC_Support/ewl/lib/armv6-m\librt.a(__arm_eabi_init.o)
 .text.__register_global_object
                0x00000000       0x14 C:/Freescale/CW MCU v10.6.4/MCU/ARM_GCC_Support/ewl/lib/armv6-m\librt.a(__arm_eabi_init.o)
 .text.__cxa_atexit
                0x00000000       0x38 C:/Freescale/CW MCU v10.6.4/MCU/ARM_GCC_Support/ewl/lib/armv6-m\librt.a(__arm_eabi_init.o)
 .text.__aeabi_atexit
                0x00000000        0xe C:/Freescale/CW MCU v10.6.4/MCU/ARM_GCC_Support/ewl/lib/armv6-m\librt.a(__arm_eabi_init.o)
 .text.__register_atexit
                0x00000000        0xc C:/Freescale/CW MCU v10.6.4/MCU/ARM_GCC_Support/ewl/lib/armv6-m\librt.a(__arm_eabi_init.o)
 .text.__init_hardware
                0x00000000        0x4 C:/Freescale/CW MCU v10.6.4/MCU/ARM_GCC_Support/ewl/lib/armv6-m\librt.a(__arm_eabi_init.o)
 .bss.atexit_curr_func
                0x00000000        0x4 C:/Freescale/CW MCU v10.6.4/MCU/ARM_GCC_Support/ewl/lib/armv6-m\librt.a(__arm_eabi_init.o)
 .bss.atexit_funcs
                0x00000000      0x300 C:/Freescale/CW MCU v10.6.4/MCU/ARM_GCC_Support/ewl/lib/armv6-m\librt.a(__arm_eabi_init.o)
 .text          0x00000000        0x0 C:/Freescale/CW MCU v10.6.4/MCU/ARM_GCC_Support/ewl/lib/armv6-m\librt.a(ROMCopy.o)
 .data          0x00000000        0x0 C:/Freescale/CW MCU v10.6.4/MCU/ARM_GCC_Support/ewl/lib/armv6-m\librt.a(ROMCopy.o)
 .bss           0x00000000        0x0 C:/Freescale/CW MCU v10.6.4/MCU/ARM_GCC_Support/ewl/lib/armv6-m\librt.a(ROMCopy.o)
 .text.__flush_cache
                0x00000000        0x2 C:/Freescale/CW MCU v10.6.4/MCU/ARM_GCC_Support/ewl/lib/armv6-m\librt.a(ROMCopy.o)

Memory Configuration

Name             Origin             Length             Attributes
m_interrupts     0x00000000         0x000000c0         xr
m_cfmprotrom     0x00000400         0x00000010         xr
m_text           0x00000800         0x0001f800         xr
m_data           0x1ffff000         0x00004000         xrw
*default*        0x00000000         0xffffffff

Linker script and memory map

LOAD ./Project_Settings/Startup_Code/kinetis_sysinit.o
LOAD ./Project_Settings/Startup_Code/__arm_start.o
LOAD ./Project_Settings/Startup_Code/__arm_end.o
LOAD ./Sources/Common/libs.o
LOAD ./Sources/Common/io.o
LOAD ./Sources/Drivers/gpio/gpio.o
LOAD ./Sources/Drivers/mcg/mcg.o
LOAD ./Sources/Drivers/uart/uart.o
LOAD ./Sources/app/UartFsm.o
LOAD ./Sources/app/RGB_LEDs.o
LOAD ./Sources/app/Player_Fsm.o
LOAD ./Sources/app/Player.o
LOAD ./Sources/app/Buttons.o
LOAD ./Sources/cpu/sysinit.o
LOAD ./Sources/cpu/nvic.o
LOAD ./Sources/gsc_scheduler/gsc_sch_core/gsc_sch_core_tick_isr.o
LOAD ./Sources/gsc_scheduler/gsc_sch_core/gsc_sch_core_cfg.o
LOAD ./Sources/gsc_scheduler/gsc_sch_core/gsc_sch_core.o
LOAD ./Sources/gsc_scheduler/periodic_tasks/periodic_tasks_init.o
LOAD ./Sources/gsc_scheduler/periodic_tasks/periodic_tasks_exec.o
LOAD ./Sources/mcl/interrupts.o
LOAD ./Sources/mcl/CrystalClock.o
LOAD ./Sources/mcl/ARM_SysTick.o
LOAD ./Sources/sa_mtb.o
LOAD ./Sources/main.o
START GROUP
LOAD C:/Freescale/CW MCU v10.6.4/MCU/ARM_GCC_Support/ewl/lib/armv6-m\libc.a
LOAD C:/Freescale/CW MCU v10.6.4/MCU/ARM_GCC_Support/ewl/lib/armv6-m\libm.a
LOAD c:/freescale/cw mcu v10.6.4/cross_tools/arm-none-eabi-gcc-4_7_3/bin/../lib/gcc/arm-none-eabi/4.7.3/armv6-m\libgcc.a
LOAD C:/Freescale/CW MCU v10.6.4/MCU/ARM_GCC_Support/ewl/lib/armv6-m\librt.a
END GROUP
                0x20003000                _estack = 0x20003000
                0x20003000                __SP_INIT = _estack
                0x00000400                __heap_size = 0x400
                0x00000400                __stack_size = 0x400

.interrupts     0x00000000       0xc0
                0x00000000                __vector_table = .
                0x00000000                . = ALIGN (0x4)
 *(.vectortable)
 .vectortable   0x00000000       0xc0 ./Project_Settings/Startup_Code/kinetis_sysinit.o
                0x00000000                InterruptVector
                0x000000c0                . = ALIGN (0x4)

.cfmprotect     0x00000400        0x0
                0x00000400                . = ALIGN (0x4)
 *(.cfmconfig)
                0x00000400                . = ALIGN (0x4)

.text           0x00000800     0x1cb4
                0x00000800                . = ALIGN (0x4)
 *(.text)
 .text          0x00000800       0x9c c:/freescale/cw mcu v10.6.4/cross_tools/arm-none-eabi-gcc-4_7_3/bin/../lib/gcc/arm-none-eabi/4.7.3/armv6-m\libgcc.a(_udivsi3.o)
                0x00000800                __aeabi_uidiv
                0x00000800                __udivsi3
                0x00000888                __aeabi_uidivmod
 .text          0x0000089c       0xc0 c:/freescale/cw mcu v10.6.4/cross_tools/arm-none-eabi-gcc-4_7_3/bin/../lib/gcc/arm-none-eabi/4.7.3/armv6-m\libgcc.a(_divsi3.o)
                0x0000089c                __divsi3
                0x0000089c                __aeabi_idiv
                0x00000948                __aeabi_idivmod
 .text          0x0000095c        0x4 c:/freescale/cw mcu v10.6.4/cross_tools/arm-none-eabi-gcc-4_7_3/bin/../lib/gcc/arm-none-eabi/4.7.3/armv6-m\libgcc.a(_dvmd_tls.o)
                0x0000095c                __aeabi_idiv0
                0x0000095c                __aeabi_ldiv0
 *(.text*)
 .text.Default_Handler
                0x00000960        0xc ./Project_Settings/Startup_Code/kinetis_sysinit.o
                0x00000960                RTC_Alarm_IRQHandler
                0x00000960                I2C0_IRQHandler
                0x00000960                HardFault_Handler
                0x00000960                PendSV_Handler
                0x00000960                NMI_Handler
                0x00000960                I2C1_IRQHandler
                0x00000960                UART1_IRQHandler
                0x00000960                DMA2_IRQHandler
                0x00000960                TSI0_IRQHandler
                0x00000960                ADC0_IRQHandler
                0x00000960                SPI1_IRQHandler
                0x00000960                PORTD_IRQHandler
                0x00000960                LPTimer_IRQHandler
                0x00000960                FTM1_IRQHandler
                0x00000960                RTC_Seconds_IRQHandler
                0x00000960                MCG_IRQHandler
                0x00000960                UART2_IRQHandler
                0x00000960                Default_Handler
                0x00000960                LLW_IRQHandler
                0x00000960                PIT_IRQHandler
                0x00000960                SVC_Handler
                0x00000960                USBOTG_IRQHandler
                0x00000960                DMA3_IRQHandler
                0x00000960                DMA0_IRQHandler
                0x00000960                DAC0_IRQHandler
                0x00000960                PMC_IRQHandler
                0x00000960                SPI0_IRQHandler
                0x00000960                FTM0_IRQHandler
                0x00000960                PORTA_IRQHandler
                0x00000960                MCM_IRQHandler
                0x00000960                FTFL_IRQHandler
                0x00000960                FTM2_IRQHandler
                0x00000960                CMP0_IRQHandler
                0x00000960                DMA1_IRQHandler
 .text.__init_hardware
                0x0000096c       0x30 ./Project_Settings/Startup_Code/kinetis_sysinit.o
                0x0000096c                __init_hardware
 .text.zero_fill_bss
                0x0000099c       0x24 ./Project_Settings/Startup_Code/__arm_start.o
 .text.__thumb_startup
                0x000009c0       0x30 ./Project_Settings/Startup_Code/__arm_start.o
                0x000009c0                __thumb_startup
 .text._ExitProcess
                0x000009f0        0xc ./Project_Settings/Startup_Code/__arm_end.o
                0x000009f0                _ExitProcess
 .text.put      0x000009fc       0x28 ./Sources/Common/libs.o
                0x000009fc                put
 .text.out_char
                0x00000a24       0x24 ./Sources/Common/io.o
                0x00000a24                out_char
 .text.rgb_init
                0x00000a48       0x94 ./Sources/Drivers/gpio/gpio.o
                0x00000a48                rgb_init
 .text.uart0_init
                0x00000adc      0x240 ./Sources/Drivers/uart/uart.o
                0x00000adc                uart0_init
 .text.uart0_putchar
                0x00000d1c       0x2c ./Sources/Drivers/uart/uart.o
                0x00000d1c                uart0_putchar
 .text.isValidCMD
                0x00000d48       0x34 ./Sources/app/UartFsm.o
                0x00000d48                isValidCMD
 .text.isValidFuncCMD
                0x00000d7c       0x70 ./Sources/app/UartFsm.o
                0x00000d7c                isValidFuncCMD
 .text.sendCommand
                0x00000dec       0x64 ./Sources/app/UartFsm.o
                0x00000dec                sendCommand
 .text.uart_fsm
                0x00000e50      0x110 ./Sources/app/UartFsm.o
                0x00000e50                uart_fsm
 .text.UART0_IRQHandler
                0x00000f60       0x3c ./Sources/app/UartFsm.o
                0x00000f60                UART0_IRQHandler
 .text.red_on   0x00000f9c       0x14 ./Sources/app/RGB_LEDs.o
                0x00000f9c                red_on
 .text.red_off  0x00000fb0       0x14 ./Sources/app/RGB_LEDs.o
                0x00000fb0                red_off
 .text.green_on
                0x00000fc4       0x14 ./Sources/app/RGB_LEDs.o
                0x00000fc4                green_on
 .text.green_off
                0x00000fd8       0x14 ./Sources/app/RGB_LEDs.o
                0x00000fd8                green_off
 .text.blue_on  0x00000fec       0x14 ./Sources/app/RGB_LEDs.o
                0x00000fec                blue_on
 .text.blue_off
                0x00001000       0x14 ./Sources/app/RGB_LEDs.o
                0x00001000                blue_off
 .text.set_color
                0x00001014       0x78 ./Sources/app/RGB_LEDs.o
                0x00001014                set_color
 .text.leds_off
                0x0000108c       0x14 ./Sources/app/RGB_LEDs.o
                0x0000108c                leds_off
 .text.blue_toggle
                0x000010a0       0x14 ./Sources/app/RGB_LEDs.o
                0x000010a0                blue_toggle
 .text.init_leds
                0x000010b4       0xb8 ./Sources/app/RGB_LEDs.o
                0x000010b4                init_leds
 .text.PlayPauseReq
                0x0000116c       0x18 ./Sources/app/Player_Fsm.o
                0x0000116c                PlayPauseReq
 .text.StopReq  0x00001184       0x18 ./Sources/app/Player_Fsm.o
                0x00001184                StopReq
 .text.Player_Fsm
                0x0000119c      0x240 ./Sources/app/Player_Fsm.o
                0x0000119c                Player_Fsm
 .text.Player_Play
                0x000013dc       0x14 ./Sources/app/Player.o
                0x000013dc                Player_Play
 .text.Player_Pause
                0x000013f0       0x14 ./Sources/app/Player.o
                0x000013f0                Player_Pause
 .text.Player_Stop
                0x00001404       0x20 ./Sources/app/Player.o
                0x00001404                Player_Stop
 .text.Player_VolUp
                0x00001424       0x20 ./Sources/app/Player.o
                0x00001424                Player_VolUp
 .text.Player_VolDown
                0x00001444       0x20 ./Sources/app/Player.o
                0x00001444                Player_VolDown
 .text.Player_Fwd
                0x00001464       0x3c ./Sources/app/Player.o
                0x00001464                Player_Fwd
 .text.Player_Rwd
                0x000014a0       0x4c ./Sources/app/Player.o
                0x000014a0                Player_Rwd
 .text.Player_ResetTrack
                0x000014ec       0x18 ./Sources/app/Player.o
                0x000014ec                Player_ResetTrack
 .text.Player_Init
                0x00001504       0x2c ./Sources/app/Player.o
                0x00001504                Player_Init
 .text.Player_ResetPlaylist
                0x00001530       0x14 ./Sources/app/Player.o
                0x00001530                Player_ResetPlaylist
 .text.Player_Update
                0x00001544       0xd8 ./Sources/app/Player.o
                0x00001544                Player_Update
 .text.Player_SendStatus
                0x0000161c      0x104 ./Sources/app/Player.o
                0x0000161c                Player_SendStatus
 .text.sysinit  0x00001720      0x130 ./Sources/cpu/sysinit.o
                0x00001720                sysinit
 .text.enable_irq
                0x00001850       0x64 ./Sources/cpu/nvic.o
                0x00001850                enable_irq
 .text.set_irq_priority
                0x000018b4       0xb0 ./Sources/cpu/nvic.o
                0x000018b4                set_irq_priority
 .text.gsc_sch_core_tick_isr
                0x00001964       0x14 ./Sources/gsc_scheduler/gsc_sch_core/gsc_sch_core_tick_isr.o
                0x00001964                gsc_sch_core_tick_isr
 .text.gsc_sch_core_Init
                0x00001978       0x60 ./Sources/gsc_scheduler/gsc_sch_core/gsc_sch_core.o
                0x00001978                gsc_sch_core_Init
 .text.gsc_sch_core_exec
                0x000019d8      0x11c ./Sources/gsc_scheduler/gsc_sch_core/gsc_sch_core.o
                0x000019d8                gsc_sch_core_exec
 .text.periodic_tasks_init_MclDrvs
                0x00001af4        0x8 ./Sources/gsc_scheduler/periodic_tasks/periodic_tasks_init.o
                0x00001af4                periodic_tasks_init_MclDrvs
 .text.periodic_tasks_init_SysDrvs
                0x00001afc       0x10 ./Sources/gsc_scheduler/periodic_tasks/periodic_tasks_init.o
                0x00001afc                periodic_tasks_init_SysDrvs
 .text.periodic_tasks_init_task_5tks
                0x00001b0c        0x8 ./Sources/gsc_scheduler/periodic_tasks/periodic_tasks_init.o
                0x00001b0c                periodic_tasks_init_task_5tks
 .text.periodic_tasks_init_task_10tks
                0x00001b14        0x8 ./Sources/gsc_scheduler/periodic_tasks/periodic_tasks_init.o
                0x00001b14                periodic_tasks_init_task_10tks
 .text.periodic_tasks_init_task_20tks
                0x00001b1c        0x8 ./Sources/gsc_scheduler/periodic_tasks/periodic_tasks_init.o
                0x00001b1c                periodic_tasks_init_task_20tks
 .text.periodic_tasks_init_task_50tks
                0x00001b24        0x8 ./Sources/gsc_scheduler/periodic_tasks/periodic_tasks_init.o
                0x00001b24                periodic_tasks_init_task_50tks
 .text.periodic_tasks_init_task_100tks
                0x00001b2c        0x8 ./Sources/gsc_scheduler/periodic_tasks/periodic_tasks_init.o
                0x00001b2c                periodic_tasks_init_task_100tks
 .text.periodic_tasks_init_task_500tks
                0x00001b34        0x8 ./Sources/gsc_scheduler/periodic_tasks/periodic_tasks_init.o
                0x00001b34                periodic_tasks_init_task_500tks
 .text.periodic_tasks_init_task_1Mtks
                0x00001b3c        0x8 ./Sources/gsc_scheduler/periodic_tasks/periodic_tasks_init.o
                0x00001b3c                periodic_tasks_init_task_1Mtks
 .text.periodic_tasks_exec_5tks
                0x00001b44        0x8 ./Sources/gsc_scheduler/periodic_tasks/periodic_tasks_exec.o
                0x00001b44                periodic_tasks_exec_5tks
 .text.periodic_tasks_exec_10tks
                0x00001b4c        0x8 ./Sources/gsc_scheduler/periodic_tasks/periodic_tasks_exec.o
                0x00001b4c                periodic_tasks_exec_10tks
 .text.periodic_tasks_exec_20tks
                0x00001b54        0xc ./Sources/gsc_scheduler/periodic_tasks/periodic_tasks_exec.o
                0x00001b54                periodic_tasks_exec_20tks
 .text.periodic_tasks_exec_50tks
                0x00001b60        0xc ./Sources/gsc_scheduler/periodic_tasks/periodic_tasks_exec.o
                0x00001b60                periodic_tasks_exec_50tks
 .text.periodic_tasks_exec_100tks
                0x00001b6c        0x8 ./Sources/gsc_scheduler/periodic_tasks/periodic_tasks_exec.o
                0x00001b6c                periodic_tasks_exec_100tks
 .text.periodic_tasks_exec_500tks
                0x00001b74        0x8 ./Sources/gsc_scheduler/periodic_tasks/periodic_tasks_exec.o
                0x00001b74                periodic_tasks_exec_500tks
 .text.periodic_tasks_exec_1Mtks
                0x00001b7c        0x8 ./Sources/gsc_scheduler/periodic_tasks/periodic_tasks_exec.o
                0x00001b7c                periodic_tasks_exec_1Mtks
 .text.InitClock
                0x00001b84       0x24 ./Sources/mcl/CrystalClock.o
                0x00001b84                InitClock
 .text.pll_init
                0x00001ba8      0x548 ./Sources/mcl/CrystalClock.o
                0x00001ba8                pll_init
 .text.InitSysTick
                0x000020f0       0x1c ./Sources/mcl/ARM_SysTick.o
                0x000020f0                InitSysTick
 .text.main     0x0000210c       0x44 ./Sources/main.o
                0x0000210c                main
 .text.WatchDog_cfg
                0x00002150       0x1c ./Sources/main.o
                0x00002150                WatchDog_cfg
 .text.SysTick_Handler
                0x0000216c       0x1c ./Sources/main.o
                0x0000216c                SysTick_Handler
 .text.exit     0x00002188       0x38 C:/Freescale/CW MCU v10.6.4/MCU/ARM_GCC_Support/ewl/lib/armv6-m\libc.a(exit.o)
                0x00002188                exit
 .text.memset   0x000021c0        0xc C:/Freescale/CW MCU v10.6.4/MCU/ARM_GCC_Support/ewl/lib/armv6-m\libc.a(memset.o)
                0x000021c0                memset
 .text.__fill_mem
                0x000021cc       0x7e C:/Freescale/CW MCU v10.6.4/MCU/ARM_GCC_Support/ewl/lib/armv6-m\libc.a(__filll_mem.o)
                0x000021cc                __fill_mem
 *fill*         0x0000224a        0x2 00
 .text.__init_cpp
                0x0000224c       0x48 C:/Freescale/CW MCU v10.6.4/MCU/ARM_GCC_Support/ewl/lib/armv6-m\librt.a(gcc_ctor_dtor.o)
                0x0000224c                __init_cpp
 .text.__fini_cpp
                0x00002294       0x34 C:/Freescale/CW MCU v10.6.4/MCU/ARM_GCC_Support/ewl/lib/armv6-m\librt.a(gcc_ctor_dtor.o)
                0x00002294                __fini_cpp
 .text.__destroy_global_chain
                0x000022c8       0x1c C:/Freescale/CW MCU v10.6.4/MCU/ARM_GCC_Support/ewl/lib/armv6-m\librt.a(__arm_eabi_init.o)
                0x000022c8                __destroy_global_chain
 .text.__init_registers
                0x000022e4       0x1c C:/Freescale/CW MCU v10.6.4/MCU/ARM_GCC_Support/ewl/lib/armv6-m\librt.a(__arm_eabi_init.o)
                0x000022e4                __init_registers
 .text.__init_user
                0x00002300        0x4 C:/Freescale/CW MCU v10.6.4/MCU/ARM_GCC_Support/ewl/lib/armv6-m\librt.a(__arm_eabi_init.o)
                0x00002300                __init_user
 .text.__copy_rom_section
                0x00002304       0x48 C:/Freescale/CW MCU v10.6.4/MCU/ARM_GCC_Support/ewl/lib/armv6-m\librt.a(ROMCopy.o)
                0x00002304                __copy_rom_section
 .text.__copy_rom_sections_to_ram
                0x0000234c       0x34 C:/Freescale/CW MCU v10.6.4/MCU/ARM_GCC_Support/ewl/lib/armv6-m\librt.a(ROMCopy.o)
                0x0000234c                __copy_rom_sections_to_ram
 *(.rodata)
 .rodata        0x00002380       0x38 ./Sources/app/Player.o
 .rodata        0x000023b8       0x30 ./Sources/main.o
 *(.rodata*)
 .rodata.sendCommand
                0x000023e8       0x1c ./Sources/app/UartFsm.o
 .rodata.set_color
                0x00002404       0x20 ./Sources/app/RGB_LEDs.o
 .rodata.cps_mngTaskList
                0x00002424       0x90 ./Sources/gsc_scheduler/gsc_sch_core/gsc_sch_core_cfg.o
                0x00002424                cps_mngTaskList
 *(.glue_7)
 .glue_7        0x00000000        0x0 linker stubs
 *(.glue_7t)
 .glue_7t       0x00000000        0x0 linker stubs
 *(.eh_frame)
 *(.init)
 *(.fini)
                0x000024b4                . = ALIGN (0x4)
                0x000024b4                _etext = .

.vfp11_veneer   0x000024b4        0x0
 .vfp11_veneer  0x00000000        0x0 linker stubs

.v4_bx          0x000024b4        0x0
 .v4_bx         0x00000000        0x0 linker stubs

.iplt           0x000024b4        0x0
 .iplt          0x00000000        0x0 ./Project_Settings/Startup_Code/kinetis_sysinit.o

.rel.dyn        0x000024b4        0x0
 .rel.iplt      0x00000000        0x0 ./Project_Settings/Startup_Code/kinetis_sysinit.o

.ARM.extab
 *(.ARM.extab* .gnu.linkonce.armextab.*)

.ARM            0x000024b4        0x0
                0x000024b4                __exidx_start = .
 *(.ARM.exidx*)
                0x000024b4                __exidx_end = .

.ctors          0x000024b4        0x0
                0x000024b4                __CTOR_LIST__ = .
 *crtbegin.o(.ctors)
 *(EXCLUDE_FILE(*crtend.o) .ctors)
 *(SORT(.ctors.*))
 *(.ctors)
                0x000024b4                __CTOR_END__ = .

.dtors          0x000024b4        0x0
                0x000024b4                __DTOR_LIST__ = .
 *crtbegin.o(.dtors)
 *(EXCLUDE_FILE(*crtend.o) .dtors)
 *(SORT(.dtors.*))
 *(.dtors)
                0x000024b4                __DTOR_END__ = .

.preinit_array  0x000024b4        0x0
                0x000024b4                PROVIDE (__preinit_array_start, .)
 *(.preinit_array*)
                0x000024b4                PROVIDE (__preinit_array_end, .)

.init_array     0x000024b4        0x0
                0x000024b4                PROVIDE (__init_array_start, .)
 *(SORT(.init_array.*))
 *(.init_array*)
                0x000024b4                PROVIDE (__init_array_end, .)

.fini_array     0x000024b4        0x0
                0x000024b4                PROVIDE (__fini_array_start, .)
 *(SORT(.fini_array.*))
 *(.fini_array*)
                0x000024b4                PROVIDE (__fini_array_end, .)
                0x000024b4                ___ROM_AT = .

.mtb            0x1ffff000        0x0
                0x1ffff000                . = ALIGN (0x8)
                0x1ffff000                _mtb_start = .
 *(.mtb_buf)
                0x1ffff000                . = ALIGN (0x8)
                0x1ffff000                _mtb_end = .

.data           0x1ffff000       0x9c load address 0x000024b4
                0x1ffff000                . = ALIGN (0x4)
                0x1ffff000                _sdata = .
 *(.data)
 *(.data*)
 .data.lub_state.4806
                0x1ffff000        0x1 ./Sources/app/UartFsm.o
 .data.state.4817
                0x1ffff001        0x1 ./Sources/app/Player_Fsm.o
 *fill*         0x1ffff002        0x2 00
 .data.tracks   0x1ffff004       0x98 ./Sources/app/Player.o
                0x1ffff004                tracks
                0x1ffff09c                . = ALIGN (0x4)
                0x1ffff09c                _edata = .
                0x0000009c                ___data_size = (_edata - _sdata)

.igot.plt       0x1ffff09c        0x0 load address 0x00002550
 .igot.plt      0x00000000        0x0 ./Project_Settings/Startup_Code/kinetis_sysinit.o
                0x1ffff09c                . = ALIGN (0x4)

.bss            0x1ffff09c       0x58 load address 0x00002550
                0x1ffff09c                __START_BSS = .
                0x1ffff09c                PROVIDE (__bss_start__, __START_BSS)
 *(.bss)
 *(.bss*)
 .bss.argv      0x1ffff09c        0x4 ./Project_Settings/Startup_Code/__arm_start.o
 .bss.PlayPause
                0x1ffff0a0        0x1 ./Sources/app/Player_Fsm.o
                0x1ffff0a0                PlayPause
 .bss.Stop      0x1ffff0a1        0x1 ./Sources/app/Player_Fsm.o
                0x1ffff0a1                Stop
 .bss.VolUp     0x1ffff0a2        0x1 ./Sources/app/Player_Fsm.o
                0x1ffff0a2                VolUp
 .bss.VolDown   0x1ffff0a3        0x1 ./Sources/app/Player_Fsm.o
                0x1ffff0a3                VolDown
 .bss.Fwd       0x1ffff0a4        0x1 ./Sources/app/Player_Fsm.o
                0x1ffff0a4                Fwd
 .bss.Rwd       0x1ffff0a5        0x1 ./Sources/app/Player_Fsm.o
                0x1ffff0a5                Rwd
 .bss.re_sch_mngExecflag
                0x1ffff0a6        0x1 ./Sources/gsc_scheduler/gsc_sch_core/gsc_sch_core_tick_isr.o
                0x1ffff0a6                re_sch_mngExecflag
 *fill*         0x1ffff0a7        0x1 00
 .bss.sys_tick_counter
                0x1ffff0a8        0x4 ./Sources/main.o
                0x1ffff0a8                sys_tick_counter
 .bss.__stdio_exit
                0x1ffff0ac        0x4 C:/Freescale/CW MCU v10.6.4/MCU/ARM_GCC_Support/ewl/lib/armv6-m\libc.a(exit.o)
                0x1ffff0ac                __stdio_exit
 .bss.__console_exit
                0x1ffff0b0        0x4 C:/Freescale/CW MCU v10.6.4/MCU/ARM_GCC_Support/ewl/lib/armv6-m\libc.a(exit.o)
                0x1ffff0b0                __console_exit
 .bss.__global_destructor_chain
                0x1ffff0b4        0x4 C:/Freescale/CW MCU v10.6.4/MCU/ARM_GCC_Support/ewl/lib/armv6-m\librt.a(__arm_eabi_init.o)
                0x1ffff0b4                __global_destructor_chain
 .bss.__S_romp  0x1ffff0b8        0xc C:/Freescale/CW MCU v10.6.4/MCU/ARM_GCC_Support/ewl/lib/armv6-m\librt.a(ROMCopy.o)
 *(COMMON)
 COMMON         0x1ffff0c4        0x4 ./Sources/app/UartFsm.o
                0x1ffff0c4                rub_checksum
                0x1ffff0c5                rub_func
                0x1ffff0c6                cmd_type
                0x1ffff0c7                rub_data
 COMMON         0x1ffff0c8        0xc ./Sources/app/Player_Fsm.o
                0x1ffff0c8                PlayerState
 COMMON         0x1ffff0d4       0x1c ./Sources/cpu/sysinit.o
                0x1ffff0d4                mcg_clk_hz
                0x1ffff0d8                core_clk_khz
                0x1ffff0dc                periph_clk_khz
                0x1ffff0e0                uart0_clk_khz
                0x1ffff0e4                uart0_clk_hz
                0x1ffff0e8                mcg_clk_khz
                0x1ffff0ec                pll_clk_khz
 COMMON         0x1ffff0f0        0x2 ./Sources/gsc_scheduler/gsc_sch_core/gsc_sch_core.o
                0x1ffff0f0                rt_curOpMode
                0x1ffff0f4                . = ALIGN (0x4)
 *fill*         0x1ffff0f2        0x2 00
                0x1ffff0f4                __END_BSS = .
                0x1ffff0f4                PROVIDE (__bss_end__, __END_BSS)
                0x00002550                _romp_at = (___ROM_AT + SIZEOF (.data))

.romp           0x1ffff0f4       0x18 load address 0x00002550
                0x00002550                __S_romp = _romp_at
                0x1ffff0f4        0x4 LONG 0x24b4 ___ROM_AT
                0x1ffff0f8        0x4 LONG 0x1ffff000 _sdata
                0x1ffff0fc        0x4 LONG 0x9c ___data_size
                0x1ffff100        0x4 LONG 0x0
                0x1ffff104        0x4 LONG 0x0
                0x1ffff108        0x4 LONG 0x0

._user_heap_stack
                0x1ffff10c      0x800 load address 0x00002568
                0x1ffff10c                . = ALIGN (0x4)
                0x1ffff10c                PROVIDE (end, .)
                0x1ffff10c                PROVIDE (_end, .)
                0x1ffff10c                __heap_addr = .
                0x1ffff50c                . = (. + __heap_size)
 *fill*         0x1ffff10c      0x400 00
                0x1ffff90c                . = (. + __stack_size)
 *fill*         0x1ffff50c      0x400 00
                0x1ffff90c                . = ALIGN (0x4)

.ARM.attributes
                0x00000000       0x31
 *(.ARM.attributes)
 .ARM.attributes
                0x00000000       0x31 ./Project_Settings/Startup_Code/kinetis_sysinit.o
 .ARM.attributes
                0x00000031       0x31 ./Project_Settings/Startup_Code/__arm_start.o
 .ARM.attributes
                0x00000062       0x31 ./Project_Settings/Startup_Code/__arm_end.o
 .ARM.attributes
                0x00000093       0x31 ./Sources/Common/libs.o
 .ARM.attributes
                0x000000c4       0x31 ./Sources/Common/io.o
 .ARM.attributes
                0x000000f5       0x31 ./Sources/Drivers/gpio/gpio.o
 .ARM.attributes
                0x00000126       0x31 ./Sources/Drivers/uart/uart.o
 .ARM.attributes
                0x00000157       0x31 ./Sources/app/UartFsm.o
 .ARM.attributes
                0x00000188       0x31 ./Sources/app/RGB_LEDs.o
 .ARM.attributes
                0x000001b9       0x31 ./Sources/app/Player_Fsm.o
 .ARM.attributes
                0x000001ea       0x31 ./Sources/app/Player.o
 .ARM.attributes
                0x0000021b       0x31 ./Sources/cpu/sysinit.o
 .ARM.attributes
                0x0000024c       0x31 ./Sources/cpu/nvic.o
 .ARM.attributes
                0x0000027d       0x31 ./Sources/gsc_scheduler/gsc_sch_core/gsc_sch_core_tick_isr.o
 .ARM.attributes
                0x000002ae       0x31 ./Sources/gsc_scheduler/gsc_sch_core/gsc_sch_core_cfg.o
 .ARM.attributes
                0x000002df       0x31 ./Sources/gsc_scheduler/gsc_sch_core/gsc_sch_core.o
 .ARM.attributes
                0x00000310       0x31 ./Sources/gsc_scheduler/periodic_tasks/periodic_tasks_init.o
 .ARM.attributes
                0x00000341       0x31 ./Sources/gsc_scheduler/periodic_tasks/periodic_tasks_exec.o
 .ARM.attributes
                0x00000372       0x31 ./Sources/mcl/CrystalClock.o
 .ARM.attributes
                0x000003a3       0x31 ./Sources/mcl/ARM_SysTick.o
 .ARM.attributes
                0x000003d4       0x31 ./Sources/main.o
 .ARM.attributes
                0x00000405       0x31 C:/Freescale/CW MCU v10.6.4/MCU/ARM_GCC_Support/ewl/lib/armv6-m\libc.a(exit.o)
 .ARM.attributes
                0x00000436       0x31 C:/Freescale/CW MCU v10.6.4/MCU/ARM_GCC_Support/ewl/lib/armv6-m\libc.a(memset.o)
 .ARM.attributes
                0x00000467       0x31 C:/Freescale/CW MCU v10.6.4/MCU/ARM_GCC_Support/ewl/lib/armv6-m\libc.a(__filll_mem.o)
 .ARM.attributes
                0x00000498       0x1e c:/freescale/cw mcu v10.6.4/cross_tools/arm-none-eabi-gcc-4_7_3/bin/../lib/gcc/arm-none-eabi/4.7.3/armv6-m\libgcc.a(_udivsi3.o)
 .ARM.attributes
                0x000004b6       0x1e c:/freescale/cw mcu v10.6.4/cross_tools/arm-none-eabi-gcc-4_7_3/bin/../lib/gcc/arm-none-eabi/4.7.3/armv6-m\libgcc.a(_divsi3.o)
 .ARM.attributes
                0x000004d4       0x1e c:/freescale/cw mcu v10.6.4/cross_tools/arm-none-eabi-gcc-4_7_3/bin/../lib/gcc/arm-none-eabi/4.7.3/armv6-m\libgcc.a(_dvmd_tls.o)
 .ARM.attributes
                0x000004f2       0x31 C:/Freescale/CW MCU v10.6.4/MCU/ARM_GCC_Support/ewl/lib/armv6-m\librt.a(gcc_ctor_dtor.o)
 .ARM.attributes
                0x00000523       0x31 C:/Freescale/CW MCU v10.6.4/MCU/ARM_GCC_Support/ewl/lib/armv6-m\librt.a(__arm_eabi_init.o)
 .ARM.attributes
                0x00000554       0x31 C:/Freescale/CW MCU v10.6.4/MCU/ARM_GCC_Support/ewl/lib/armv6-m\librt.a(ROMCopy.o)
OUTPUT(FRDM-KL25Z-UART.elf elf32-littlearm)

.debug_info     0x00000000     0x4026
 .debug_info    0x00000000      0x447 ./Project_Settings/Startup_Code/kinetis_sysinit.o
 .debug_info    0x00000447      0x12a ./Project_Settings/Startup_Code/__arm_start.o
 .debug_info    0x00000571       0x54 ./Project_Settings/Startup_Code/__arm_end.o
 .debug_info    0x000005c5       0xa4 ./Sources/Common/libs.o
 .debug_info    0x00000669      0x231 ./Sources/Common/io.o
 .debug_info    0x0000089a      0x3ca ./Sources/Drivers/gpio/gpio.o
 .debug_info    0x00000c64      0x66b ./Sources/Drivers/uart/uart.o
 .debug_info    0x000012cf      0x2ef ./Sources/app/UartFsm.o
 .debug_info    0x000015be      0x597 ./Sources/app/RGB_LEDs.o
 .debug_info    0x00001b55      0x258 ./Sources/app/Player_Fsm.o
 .debug_info    0x00001dad      0x2d0 ./Sources/app/Player.o
 .debug_info    0x0000207d      0x544 ./Sources/cpu/sysinit.o
 .debug_info    0x000025c1      0x226 ./Sources/cpu/nvic.o
 .debug_info    0x000027e7       0xbb ./Sources/gsc_scheduler/gsc_sch_core/gsc_sch_core_tick_isr.o
 .debug_info    0x000028a2      0x16e ./Sources/gsc_scheduler/gsc_sch_core/gsc_sch_core_cfg.o
 .debug_info    0x00002a10      0x241 ./Sources/gsc_scheduler/gsc_sch_core/gsc_sch_core.o
 .debug_info    0x00002c51      0x1ea ./Sources/gsc_scheduler/periodic_tasks/periodic_tasks_init.o
 .debug_info    0x00002e3b      0x1c0 ./Sources/gsc_scheduler/periodic_tasks/periodic_tasks_exec.o
 .debug_info    0x00002ffb      0x26f ./Sources/mcl/CrystalClock.o
 .debug_info    0x0000326a       0xe8 ./Sources/mcl/ARM_SysTick.o
 .debug_info    0x00003352      0x43f ./Sources/main.o
 .debug_info    0x00003791       0xe8 C:/Freescale/CW MCU v10.6.4/MCU/ARM_GCC_Support/ewl/lib/armv6-m\libc.a(exit.o)
 .debug_info    0x00003879       0xec C:/Freescale/CW MCU v10.6.4/MCU/ARM_GCC_Support/ewl/lib/armv6-m\libc.a(memset.o)
 .debug_info    0x00003965      0x137 C:/Freescale/CW MCU v10.6.4/MCU/ARM_GCC_Support/ewl/lib/armv6-m\libc.a(__filll_mem.o)
 .debug_info    0x00003a9c      0x136 C:/Freescale/CW MCU v10.6.4/MCU/ARM_GCC_Support/ewl/lib/armv6-m\librt.a(gcc_ctor_dtor.o)
 .debug_info    0x00003bd2      0x2b9 C:/Freescale/CW MCU v10.6.4/MCU/ARM_GCC_Support/ewl/lib/armv6-m\librt.a(__arm_eabi_init.o)
 .debug_info    0x00003e8b      0x19b C:/Freescale/CW MCU v10.6.4/MCU/ARM_GCC_Support/ewl/lib/armv6-m\librt.a(ROMCopy.o)

.debug_abbrev   0x00000000     0x14f0
 .debug_abbrev  0x00000000       0xe7 ./Project_Settings/Startup_Code/kinetis_sysinit.o
 .debug_abbrev  0x000000e7       0x92 ./Project_Settings/Startup_Code/__arm_start.o
 .debug_abbrev  0x00000179       0x4c ./Project_Settings/Startup_Code/__arm_end.o
 .debug_abbrev  0x000001c5       0x57 ./Sources/Common/libs.o
 .debug_abbrev  0x0000021c       0xab ./Sources/Common/io.o
 .debug_abbrev  0x000002c7       0xbe ./Sources/Drivers/gpio/gpio.o
 .debug_abbrev  0x00000385      0x17a ./Sources/Drivers/uart/uart.o
 .debug_abbrev  0x000004ff      0x135 ./Sources/app/UartFsm.o
 .debug_abbrev  0x00000634      0x13a ./Sources/app/RGB_LEDs.o
 .debug_abbrev  0x0000076e       0xc4 ./Sources/app/Player_Fsm.o
 .debug_abbrev  0x00000832       0xc5 ./Sources/app/Player.o
 .debug_abbrev  0x000008f7       0xcf ./Sources/cpu/sysinit.o
 .debug_abbrev  0x000009c6       0xed ./Sources/cpu/nvic.o
 .debug_abbrev  0x00000ab3       0x78 ./Sources/gsc_scheduler/gsc_sch_core/gsc_sch_core_tick_isr.o
 .debug_abbrev  0x00000b2b       0xa1 ./Sources/gsc_scheduler/gsc_sch_core/gsc_sch_core_cfg.o
 .debug_abbrev  0x00000bcc       0xdf ./Sources/gsc_scheduler/gsc_sch_core/gsc_sch_core.o
 .debug_abbrev  0x00000cab       0x8d ./Sources/gsc_scheduler/periodic_tasks/periodic_tasks_init.o
 .debug_abbrev  0x00000d38       0x8d ./Sources/gsc_scheduler/periodic_tasks/periodic_tasks_exec.o
 .debug_abbrev  0x00000dc5       0xea ./Sources/mcl/CrystalClock.o
 .debug_abbrev  0x00000eaf       0x92 ./Sources/mcl/ARM_SysTick.o
 .debug_abbrev  0x00000f41       0xef ./Sources/main.o
 .debug_abbrev  0x00001030       0x7a C:/Freescale/CW MCU v10.6.4/MCU/ARM_GCC_Support/ewl/lib/armv6-m\libc.a(exit.o)
 .debug_abbrev  0x000010aa       0x62 C:/Freescale/CW MCU v10.6.4/MCU/ARM_GCC_Support/ewl/lib/armv6-m\libc.a(memset.o)
 .debug_abbrev  0x0000110c       0x78 C:/Freescale/CW MCU v10.6.4/MCU/ARM_GCC_Support/ewl/lib/armv6-m\libc.a(__filll_mem.o)
 .debug_abbrev  0x00001184       0x99 C:/Freescale/CW MCU v10.6.4/MCU/ARM_GCC_Support/ewl/lib/armv6-m\librt.a(gcc_ctor_dtor.o)
 .debug_abbrev  0x0000121d      0x1b3 C:/Freescale/CW MCU v10.6.4/MCU/ARM_GCC_Support/ewl/lib/armv6-m\librt.a(__arm_eabi_init.o)
 .debug_abbrev  0x000013d0      0x120 C:/Freescale/CW MCU v10.6.4/MCU/ARM_GCC_Support/ewl/lib/armv6-m\librt.a(ROMCopy.o)

.debug_loc      0x00000000     0x149a
 .debug_loc     0x00000000       0x58 ./Project_Settings/Startup_Code/kinetis_sysinit.o
 .debug_loc     0x00000058       0x2c ./Project_Settings/Startup_Code/__arm_start.o
 .debug_loc     0x00000084       0x38 ./Project_Settings/Startup_Code/__arm_end.o
 .debug_loc     0x000000bc       0x38 ./Sources/Common/libs.o
 .debug_loc     0x000000f4       0x64 ./Sources/Common/io.o
 .debug_loc     0x00000158       0x2c ./Sources/Drivers/gpio/gpio.o
 .debug_loc     0x00000184      0x1c2 ./Sources/Drivers/uart/uart.o
 .debug_loc     0x00000346      0x10c ./Sources/app/UartFsm.o
 .debug_loc     0x00000452      0x280 ./Sources/app/RGB_LEDs.o
 .debug_loc     0x000006d2      0x134 ./Sources/app/Player_Fsm.o
 .debug_loc     0x00000806      0x228 ./Sources/app/Player.o
 .debug_loc     0x00000a2e       0x38 ./Sources/cpu/sysinit.o
 .debug_loc     0x00000a66       0xa8 ./Sources/cpu/nvic.o
 .debug_loc     0x00000b0e       0x2c ./Sources/gsc_scheduler/gsc_sch_core/gsc_sch_core_tick_isr.o
 .debug_loc     0x00000b3a       0x70 ./Sources/gsc_scheduler/gsc_sch_core/gsc_sch_core.o
 .debug_loc     0x00000baa      0x18c ./Sources/gsc_scheduler/periodic_tasks/periodic_tasks_init.o
 .debug_loc     0x00000d36      0x134 ./Sources/gsc_scheduler/periodic_tasks/periodic_tasks_exec.o
 .debug_loc     0x00000e6a       0x70 ./Sources/mcl/CrystalClock.o
 .debug_loc     0x00000eda       0x2c ./Sources/mcl/ARM_SysTick.o
 .debug_loc     0x00000f06       0x90 ./Sources/main.o
 .debug_loc     0x00000f96       0x3e C:/Freescale/CW MCU v10.6.4/MCU/ARM_GCC_Support/ewl/lib/armv6-m\libc.a(exit.o)
 .debug_loc     0x00000fd4       0x6f C:/Freescale/CW MCU v10.6.4/MCU/ARM_GCC_Support/ewl/lib/armv6-m\libc.a(memset.o)
 .debug_loc     0x00001043      0x14a C:/Freescale/CW MCU v10.6.4/MCU/ARM_GCC_Support/ewl/lib/armv6-m\libc.a(__filll_mem.o)
 .debug_loc     0x0000118d       0x9d C:/Freescale/CW MCU v10.6.4/MCU/ARM_GCC_Support/ewl/lib/armv6-m\librt.a(gcc_ctor_dtor.o)
 .debug_loc     0x0000122a      0x197 C:/Freescale/CW MCU v10.6.4/MCU/ARM_GCC_Support/ewl/lib/armv6-m\librt.a(__arm_eabi_init.o)
 .debug_loc     0x000013c1       0xd9 C:/Freescale/CW MCU v10.6.4/MCU/ARM_GCC_Support/ewl/lib/armv6-m\librt.a(ROMCopy.o)

.debug_aranges  0x00000000      0x5b0
 .debug_aranges
                0x00000000       0x28 ./Project_Settings/Startup_Code/kinetis_sysinit.o
 .debug_aranges
                0x00000028       0x30 ./Project_Settings/Startup_Code/__arm_start.o
 .debug_aranges
                0x00000058       0x20 ./Project_Settings/Startup_Code/__arm_end.o
 .debug_aranges
                0x00000078       0x20 ./Sources/Common/libs.o
 .debug_aranges
                0x00000098       0x28 ./Sources/Common/io.o
 .debug_aranges
                0x000000c0       0x20 ./Sources/Drivers/gpio/gpio.o
 .debug_aranges
                0x000000e0       0x58 ./Sources/Drivers/uart/uart.o
 .debug_aranges
                0x00000138       0x40 ./Sources/app/UartFsm.o
 .debug_aranges
                0x00000178       0x88 ./Sources/app/RGB_LEDs.o
 .debug_aranges
                0x00000200       0x50 ./Sources/app/Player_Fsm.o
 .debug_aranges
                0x00000250       0x78 ./Sources/app/Player.o
 .debug_aranges
                0x000002c8       0x20 ./Sources/cpu/sysinit.o
 .debug_aranges
                0x000002e8       0x30 ./Sources/cpu/nvic.o
 .debug_aranges
                0x00000318       0x20 ./Sources/gsc_scheduler/gsc_sch_core/gsc_sch_core_tick_isr.o
 .debug_aranges
                0x00000338       0x18 ./Sources/gsc_scheduler/gsc_sch_core/gsc_sch_core_cfg.o
 .debug_aranges
                0x00000350       0x28 ./Sources/gsc_scheduler/gsc_sch_core/gsc_sch_core.o
 .debug_aranges
                0x00000378       0x60 ./Sources/gsc_scheduler/periodic_tasks/periodic_tasks_init.o
 .debug_aranges
                0x000003d8       0x50 ./Sources/gsc_scheduler/periodic_tasks/periodic_tasks_exec.o
 .debug_aranges
                0x00000428       0x28 ./Sources/mcl/CrystalClock.o
 .debug_aranges
                0x00000450       0x20 ./Sources/mcl/ARM_SysTick.o
 .debug_aranges
                0x00000470       0x30 ./Sources/main.o
 .debug_aranges
                0x000004a0       0x20 C:/Freescale/CW MCU v10.6.4/MCU/ARM_GCC_Support/ewl/lib/armv6-m\libc.a(exit.o)
 .debug_aranges
                0x000004c0       0x20 C:/Freescale/CW MCU v10.6.4/MCU/ARM_GCC_Support/ewl/lib/armv6-m\libc.a(memset.o)
 .debug_aranges
                0x000004e0       0x20 C:/Freescale/CW MCU v10.6.4/MCU/ARM_GCC_Support/ewl/lib/armv6-m\libc.a(__filll_mem.o)
 .debug_aranges
                0x00000500       0x28 C:/Freescale/CW MCU v10.6.4/MCU/ARM_GCC_Support/ewl/lib/armv6-m\librt.a(gcc_ctor_dtor.o)
 .debug_aranges
                0x00000528       0x58 C:/Freescale/CW MCU v10.6.4/MCU/ARM_GCC_Support/ewl/lib/armv6-m\librt.a(__arm_eabi_init.o)
 .debug_aranges
                0x00000580       0x30 C:/Freescale/CW MCU v10.6.4/MCU/ARM_GCC_Support/ewl/lib/armv6-m\librt.a(ROMCopy.o)

.debug_macinfo  0x00000000   0x2e1e1a
 .debug_macinfo
                0x00000000    0x264c7 ./Project_Settings/Startup_Code/kinetis_sysinit.o
 .debug_macinfo
                0x000264c7     0x3e6d ./Project_Settings/Startup_Code/__arm_start.o
 .debug_macinfo
                0x0002a334     0x3456 ./Project_Settings/Startup_Code/__arm_end.o
 .debug_macinfo
                0x0002d78a    0x26ab7 ./Sources/Common/libs.o
 .debug_macinfo
                0x00054241    0x26ab7 ./Sources/Common/io.o
 .debug_macinfo
                0x0007acf8    0x26654 ./Sources/Drivers/gpio/gpio.o
 .debug_macinfo
                0x000a134c    0x26abb ./Sources/Drivers/uart/uart.o
 .debug_macinfo
                0x000c7e07    0x26634 ./Sources/app/UartFsm.o
 .debug_macinfo
                0x000ee43b    0x26780 ./Sources/app/RGB_LEDs.o
 .debug_macinfo
                0x00114bbb    0x265ff ./Sources/app/Player_Fsm.o
 .debug_macinfo
                0x0013b1ba    0x2671a ./Sources/app/Player.o
 .debug_macinfo
                0x001618d4    0x26ab7 ./Sources/cpu/sysinit.o
 .debug_macinfo
                0x0018838b    0x264f0 ./Sources/cpu/nvic.o
 .debug_macinfo
                0x001ae87b    0x265e6 ./Sources/gsc_scheduler/gsc_sch_core/gsc_sch_core_tick_isr.o
 .debug_macinfo
                0x001d4e61    0x266c8 ./Sources/gsc_scheduler/gsc_sch_core/gsc_sch_core_cfg.o
 .debug_macinfo
                0x001fb529    0x266ad ./Sources/gsc_scheduler/gsc_sch_core/gsc_sch_core.o
 .debug_macinfo
                0x00221bd6    0x26668 ./Sources/gsc_scheduler/periodic_tasks/periodic_tasks_init.o
 .debug_macinfo
                0x0024823e    0x26668 ./Sources/gsc_scheduler/periodic_tasks/periodic_tasks_exec.o
 .debug_macinfo
                0x0026e8a6    0x265be ./Sources/mcl/CrystalClock.o
 .debug_macinfo
                0x00294e64    0x264ff ./Sources/mcl/ARM_SysTick.o
 .debug_macinfo
                0x002bb363    0x26ab7 ./Sources/main.o

.debug_line     0x00000000     0x4242
 .debug_line    0x00000000      0x245 ./Project_Settings/Startup_Code/kinetis_sysinit.o
 .debug_line    0x00000245      0x291 ./Project_Settings/Startup_Code/__arm_start.o
 .debug_line    0x000004d6      0x26e ./Project_Settings/Startup_Code/__arm_end.o
 .debug_line    0x00000744      0x3d4 ./Sources/Common/libs.o
 .debug_line    0x00000b18      0x3e1 ./Sources/Common/io.o
 .debug_line    0x00000ef9      0x1e6 ./Sources/Drivers/gpio/gpio.o
 .debug_line    0x000010df      0x4b9 ./Sources/Drivers/uart/uart.o
 .debug_line    0x00001598      0x29d ./Sources/app/UartFsm.o
 .debug_line    0x00001835      0x33f ./Sources/app/RGB_LEDs.o
 .debug_line    0x00001b74      0x30b ./Sources/app/Player_Fsm.o
 .debug_line    0x00001e7f      0x366 ./Sources/app/Player.o
 .debug_line    0x000021e5      0x3e7 ./Sources/cpu/sysinit.o
 .debug_line    0x000025cc      0x209 ./Sources/cpu/nvic.o
 .debug_line    0x000027d5      0x230 ./Sources/gsc_scheduler/gsc_sch_core/gsc_sch_core_tick_isr.o
 .debug_line    0x00002a05      0x27e ./Sources/gsc_scheduler/gsc_sch_core/gsc_sch_core_cfg.o
 .debug_line    0x00002c83      0x273 ./Sources/gsc_scheduler/gsc_sch_core/gsc_sch_core.o
 .debug_line    0x00002ef6      0x379 ./Sources/gsc_scheduler/periodic_tasks/periodic_tasks_init.o
 .debug_line    0x0000326f      0x357 ./Sources/gsc_scheduler/periodic_tasks/periodic_tasks_exec.o
 .debug_line    0x000035c6      0x294 ./Sources/mcl/CrystalClock.o
 .debug_line    0x0000385a      0x1f5 ./Sources/mcl/ARM_SysTick.o
 .debug_line    0x00003a4f      0x3a0 ./Sources/main.o
 .debug_line    0x00003def       0x8d C:/Freescale/CW MCU v10.6.4/MCU/ARM_GCC_Support/ewl/lib/armv6-m\libc.a(exit.o)
 .debug_line    0x00003e7c       0x90 C:/Freescale/CW MCU v10.6.4/MCU/ARM_GCC_Support/ewl/lib/armv6-m\libc.a(memset.o)
 .debug_line    0x00003f0c       0xf6 C:/Freescale/CW MCU v10.6.4/MCU/ARM_GCC_Support/ewl/lib/armv6-m\libc.a(__filll_mem.o)
 .debug_line    0x00004002       0x6c C:/Freescale/CW MCU v10.6.4/MCU/ARM_GCC_Support/ewl/lib/armv6-m\librt.a(gcc_ctor_dtor.o)
 .debug_line    0x0000406e      0x117 C:/Freescale/CW MCU v10.6.4/MCU/ARM_GCC_Support/ewl/lib/armv6-m\librt.a(__arm_eabi_init.o)
 .debug_line    0x00004185       0xbd C:/Freescale/CW MCU v10.6.4/MCU/ARM_GCC_Support/ewl/lib/armv6-m\librt.a(ROMCopy.o)

.debug_str      0x00000000     0x15ca
 .debug_str     0x00000000      0x28b ./Project_Settings/Startup_Code/kinetis_sysinit.o
                                0x2b2 (size before relaxing)
 .debug_str     0x0000028b       0x85 ./Project_Settings/Startup_Code/__arm_start.o
                                0x18c (size before relaxing)
 .debug_str     0x00000310       0x70 ./Project_Settings/Startup_Code/__arm_end.o
                                 0xcf (size before relaxing)
 .debug_str     0x00000380       0x21 ./Sources/Common/libs.o
                                0x128 (size before relaxing)
 .debug_str     0x000003a1       0x60 ./Sources/Common/io.o
                                0x16f (size before relaxing)
 .debug_str     0x00000401       0x8d ./Sources/Drivers/gpio/gpio.o
                                0x279 (size before relaxing)
 .debug_str     0x0000048e       0xfa ./Sources/Drivers/uart/uart.o
                                0x33a (size before relaxing)
 .debug_str     0x00000588       0xeb ./Sources/app/UartFsm.o
                                0x221 (size before relaxing)
 .debug_str     0x00000673      0x10f ./Sources/app/RGB_LEDs.o
                                0x375 (size before relaxing)
 .debug_str     0x00000782       0xd3 ./Sources/app/Player_Fsm.o
                                0x209 (size before relaxing)
 .debug_str     0x00000855       0xb3 ./Sources/app/Player.o
                                0x298 (size before relaxing)
 .debug_str     0x00000908       0x7b ./Sources/cpu/sysinit.o
                                0x2d8 (size before relaxing)
 .debug_str     0x00000983       0x7b ./Sources/cpu/nvic.o
                                0x1ad (size before relaxing)
 .debug_str     0x000009fe       0x86 ./Sources/gsc_scheduler/gsc_sch_core/gsc_sch_core_tick_isr.o
                                0x188 (size before relaxing)
 .debug_str     0x00000a84      0x14f ./Sources/gsc_scheduler/gsc_sch_core/gsc_sch_core_cfg.o
                                0x259 (size before relaxing)
 .debug_str     0x00000bd3       0xac ./Sources/gsc_scheduler/gsc_sch_core/gsc_sch_core.o
                                0x2fe (size before relaxing)
 .debug_str     0x00000c7f      0x150 ./Sources/gsc_scheduler/periodic_tasks/periodic_tasks_init.o
                                0x2c7 (size before relaxing)
 .debug_str     0x00000dcf       0xf5 ./Sources/gsc_scheduler/periodic_tasks/periodic_tasks_exec.o
                                0x26c (size before relaxing)
 .debug_str     0x00000ec4       0xc5 ./Sources/mcl/CrystalClock.o
                                0x1d8 (size before relaxing)
 .debug_str     0x00000f89       0x50 ./Sources/mcl/ARM_SysTick.o
                                0x14e (size before relaxing)
 .debug_str     0x00000fd9      0x27d ./Sources/main.o
                                0x47e (size before relaxing)
 .debug_str     0x00001256       0x60 C:/Freescale/CW MCU v10.6.4/MCU/ARM_GCC_Support/ewl/lib/armv6-m\libc.a(exit.o)
                                0x157 (size before relaxing)
 .debug_str     0x000012b6       0x23 C:/Freescale/CW MCU v10.6.4/MCU/ARM_GCC_Support/ewl/lib/armv6-m\libc.a(memset.o)
                                0x140 (size before relaxing)
 .debug_str     0x000012d9       0x2d C:/Freescale/CW MCU v10.6.4/MCU/ARM_GCC_Support/ewl/lib/armv6-m\libc.a(__filll_mem.o)
                                0x152 (size before relaxing)
 .debug_str     0x00001306      0x126 C:/Freescale/CW MCU v10.6.4/MCU/ARM_GCC_Support/ewl/lib/armv6-m\librt.a(gcc_ctor_dtor.o)
                                0x181 (size before relaxing)
 .debug_str     0x0000142c       0xf8 C:/Freescale/CW MCU v10.6.4/MCU/ARM_GCC_Support/ewl/lib/armv6-m\librt.a(__arm_eabi_init.o)
                                0x1b5 (size before relaxing)
 .debug_str     0x00001524       0xa6 C:/Freescale/CW MCU v10.6.4/MCU/ARM_GCC_Support/ewl/lib/armv6-m\librt.a(ROMCopy.o)
                                0x13c (size before relaxing)

.comment        0x00000000       0x79
 .comment       0x00000000       0x79 ./Project_Settings/Startup_Code/kinetis_sysinit.o
                                 0x7a (size before relaxing)
 .comment       0x00000000       0x7a ./Project_Settings/Startup_Code/__arm_start.o
 .comment       0x00000000       0x7a ./Project_Settings/Startup_Code/__arm_end.o
 .comment       0x00000000       0x7a ./Sources/Common/libs.o
 .comment       0x00000000       0x7a ./Sources/Common/io.o
 .comment       0x00000000       0x7a ./Sources/Drivers/gpio/gpio.o
 .comment       0x00000000       0x7a ./Sources/Drivers/uart/uart.o
 .comment       0x00000000       0x7a ./Sources/app/UartFsm.o
 .comment       0x00000000       0x7a ./Sources/app/RGB_LEDs.o
 .comment       0x00000000       0x7a ./Sources/app/Player_Fsm.o
 .comment       0x00000000       0x7a ./Sources/app/Player.o
 .comment       0x00000000       0x7a ./Sources/cpu/sysinit.o
 .comment       0x00000000       0x7a ./Sources/cpu/nvic.o
 .comment       0x00000000       0x7a ./Sources/gsc_scheduler/gsc_sch_core/gsc_sch_core_tick_isr.o
 .comment       0x00000000       0x7a ./Sources/gsc_scheduler/gsc_sch_core/gsc_sch_core_cfg.o
 .comment       0x00000000       0x7a ./Sources/gsc_scheduler/gsc_sch_core/gsc_sch_core.o
 .comment       0x00000000       0x7a ./Sources/gsc_scheduler/periodic_tasks/periodic_tasks_init.o
 .comment       0x00000000       0x7a ./Sources/gsc_scheduler/periodic_tasks/periodic_tasks_exec.o
 .comment       0x00000000       0x7a ./Sources/mcl/CrystalClock.o
 .comment       0x00000000       0x7a ./Sources/mcl/ARM_SysTick.o
 .comment       0x00000000       0x7a ./Sources/main.o
 .comment       0x00000000       0x7a C:/Freescale/CW MCU v10.6.4/MCU/ARM_GCC_Support/ewl/lib/armv6-m\libc.a(exit.o)
 .comment       0x00000000       0x7a C:/Freescale/CW MCU v10.6.4/MCU/ARM_GCC_Support/ewl/lib/armv6-m\libc.a(memset.o)
 .comment       0x00000000       0x7a C:/Freescale/CW MCU v10.6.4/MCU/ARM_GCC_Support/ewl/lib/armv6-m\libc.a(__filll_mem.o)
 .comment       0x00000000       0x7a C:/Freescale/CW MCU v10.6.4/MCU/ARM_GCC_Support/ewl/lib/armv6-m\librt.a(gcc_ctor_dtor.o)
 .comment       0x00000000       0x7a C:/Freescale/CW MCU v10.6.4/MCU/ARM_GCC_Support/ewl/lib/armv6-m\librt.a(__arm_eabi_init.o)
 .comment       0x00000000       0x7a C:/Freescale/CW MCU v10.6.4/MCU/ARM_GCC_Support/ewl/lib/armv6-m\librt.a(ROMCopy.o)

.debug_frame    0x00000000      0xcf4
 .debug_frame   0x00000000       0x48 ./Project_Settings/Startup_Code/kinetis_sysinit.o
 .debug_frame   0x00000048       0x4c ./Project_Settings/Startup_Code/__arm_start.o
 .debug_frame   0x00000094       0x30 ./Project_Settings/Startup_Code/__arm_end.o
 .debug_frame   0x000000c4       0x30 ./Sources/Common/libs.o
 .debug_frame   0x000000f4       0x4c ./Sources/Common/io.o
 .debug_frame   0x00000140       0x2c ./Sources/Drivers/gpio/gpio.o
 .debug_frame   0x0000016c      0x110 ./Sources/Drivers/uart/uart.o
 .debug_frame   0x0000027c       0xac ./Sources/app/UartFsm.o
 .debug_frame   0x00000328      0x1a0 ./Sources/app/RGB_LEDs.o
 .debug_frame   0x000004c8       0xd4 ./Sources/app/Player_Fsm.o
 .debug_frame   0x0000059c      0x168 ./Sources/app/Player.o
 .debug_frame   0x00000704       0x30 ./Sources/cpu/sysinit.o
 .debug_frame   0x00000734       0x70 ./Sources/cpu/nvic.o
 .debug_frame   0x000007a4       0x2c ./Sources/gsc_scheduler/gsc_sch_core/gsc_sch_core_tick_isr.o
 .debug_frame   0x000007d0       0x50 ./Sources/gsc_scheduler/gsc_sch_core/gsc_sch_core.o
 .debug_frame   0x00000820      0x10c ./Sources/gsc_scheduler/periodic_tasks/periodic_tasks_init.o
 .debug_frame   0x0000092c       0xd4 ./Sources/gsc_scheduler/periodic_tasks/periodic_tasks_exec.o
 .debug_frame   0x00000a00       0x50 ./Sources/mcl/CrystalClock.o
 .debug_frame   0x00000a50       0x2c ./Sources/mcl/ARM_SysTick.o
 .debug_frame   0x00000a7c       0x68 ./Sources/main.o
 .debug_frame   0x00000ae4       0x2c C:/Freescale/CW MCU v10.6.4/MCU/ARM_GCC_Support/ewl/lib/armv6-m\libc.a(exit.o)
 .debug_frame   0x00000b10       0x28 C:/Freescale/CW MCU v10.6.4/MCU/ARM_GCC_Support/ewl/lib/armv6-m\libc.a(memset.o)
 .debug_frame   0x00000b38       0x2c C:/Freescale/CW MCU v10.6.4/MCU/ARM_GCC_Support/ewl/lib/armv6-m\libc.a(__filll_mem.o)
 .debug_frame   0x00000b64       0x20 c:/freescale/cw mcu v10.6.4/cross_tools/arm-none-eabi-gcc-4_7_3/bin/../lib/gcc/arm-none-eabi/4.7.3/armv6-m\libgcc.a(_udivsi3.o)
 .debug_frame   0x00000b84       0x20 c:/freescale/cw mcu v10.6.4/cross_tools/arm-none-eabi-gcc-4_7_3/bin/../lib/gcc/arm-none-eabi/4.7.3/armv6-m\libgcc.a(_divsi3.o)
 .debug_frame   0x00000ba4       0x40 C:/Freescale/CW MCU v10.6.4/MCU/ARM_GCC_Support/ewl/lib/armv6-m\librt.a(gcc_ctor_dtor.o)
 .debug_frame   0x00000be4       0xbc C:/Freescale/CW MCU v10.6.4/MCU/ARM_GCC_Support/ewl/lib/armv6-m\librt.a(__arm_eabi_init.o)
 .debug_frame   0x00000ca0       0x54 C:/Freescale/CW MCU v10.6.4/MCU/ARM_GCC_Support/ewl/lib/armv6-m\librt.a(ROMCopy.o)
